DatasetLLMImprovementRunner | 2026-03-22 21:35:56,197 | INFO | DatasetLLMImprovementRunner |START
DatasetLLMImprovementRunner | 2026-03-22 21:35:56,200 | ERROR | DatasetLLMImprovementRunner | FAILED | time=0.0s | error=[Errno 2] No such file or directory: 'experiment_5_TDD\\dataset.csv'
DatasetLLMImprovementRunner | 2026-03-22 21:37:45,771 | INFO | DatasetLLMImprovementRunner |START
DatasetLLMImprovementRunner | 2026-03-22 21:40:31,695 | ERROR | Failed yondonfu/comfystream: Command '['git', 'clone', '--depth', '1', 'https://github.com/yondonfu/comfystream.git', 'experiment_5_TDD\\repos\\comfystream']' returned non-zero exit status 128.
DatasetLLMImprovementRunner | 2026-03-22 21:40:32,731 | ERROR | Failed matus-chochlik/ctcache: Command '['git', 'clone', '--depth', '1', 'https://github.com/matus-chochlik/ctcache.git', 'experiment_5_TDD\\repos\\ctcache']' returned non-zero exit status 128.
DatasetLLMImprovementRunner | 2026-03-22 21:40:33,483 | ERROR | Failed coldfusion39/domi-owned: Command '['git', 'clone', '--depth', '1', 'https://github.com/coldfusion39/domi-owned.git', 'experiment_5_TDD\\repos\\domi-owned']' returned non-zero exit status 128.
DatasetLLMImprovementRunner | 2026-03-22 21:40:36,280 | ERROR | Failed misterch0c/GithubLeakAlert: Command '['git', 'clone', '--depth', '1', 'https://github.com/misterch0c/GithubLeakAlert.git', 'experiment_5_TDD\\repos\\GithubLeakAlert']' returned non-zero exit status 128.
DatasetLLMImprovementRunner | 2026-03-22 21:40:36,673 | ERROR | Failed rhettre/coinbase-advancedtrade-python: Command '['git', 'clone', '--depth', '1', 'https://github.com/rhettre/coinbase-advancedtrade-python.git', 'experiment_5_TDD\\repos\\coinbase-advancedtrade-python']' returned non-zero exit status 128.
DatasetLLMImprovementRunner | 2026-03-22 21:43:30,877 | INFO | DatasetLLMImprovementRunner |START
DatasetLLMImprovementRunner | 2026-03-22 21:43:31,288 | ERROR | Failed aaryanrr/Railway-Management: Command '['git', 'clone', '--depth', '1', 'https://github.com/aaryanrr/Railway-Management.git', 'experiment_5_TDD\\repos\\Railway-Management']' returned non-zero exit status 128.
DatasetLLMImprovementRunner | 2026-03-22 21:43:31,617 | ERROR | Failed yondonfu/comfystream: Command '['git', 'clone', '--depth', '1', 'https://github.com/yondonfu/comfystream.git', 'experiment_5_TDD\\repos\\comfystream']' returned non-zero exit status 128.
DatasetLLMImprovementRunner | 2026-03-22 21:43:32,249 | ERROR | Failed matus-chochlik/ctcache: Command '['git', 'clone', '--depth', '1', 'https://github.com/matus-chochlik/ctcache.git', 'experiment_5_TDD\\repos\\ctcache']' returned non-zero exit status 128.
DatasetLLMImprovementRunner | 2026-03-22 21:43:32,562 | ERROR | Failed coldfusion39/domi-owned: Command '['git', 'clone', '--depth', '1', 'https://github.com/coldfusion39/domi-owned.git', 'experiment_5_TDD\\repos\\domi-owned']' returned non-zero exit status 128.
DatasetLLMImprovementRunner | 2026-03-22 21:43:32,897 | ERROR | Failed misterch0c/GithubLeakAlert: Command '['git', 'clone', '--depth', '1', 'https://github.com/misterch0c/GithubLeakAlert.git', 'experiment_5_TDD\\repos\\GithubLeakAlert']' returned non-zero exit status 128.
DatasetLLMImprovementRunner | 2026-03-22 21:43:33,238 | ERROR | Failed rhettre/coinbase-advancedtrade-python: Command '['git', 'clone', '--depth', '1', 'https://github.com/rhettre/coinbase-advancedtrade-python.git', 'experiment_5_TDD\\repos\\coinbase-advancedtrade-python']' returned non-zero exit status 128.
DatasetLLMImprovementRunner | 2026-03-22 21:43:33,573 | ERROR | Failed pyexcel/pyexcel-xlsx: Command '['git', 'clone', '--depth', '1', 'https://github.com/pyexcel/pyexcel-xlsx.git', 'experiment_5_TDD\\repos\\pyexcel-xlsx']' returned non-zero exit status 128.
DatasetLLMImprovementRunner | 2026-03-22 21:43:33,895 | ERROR | Failed vrachieru/samsung-tv-api: Command '['git', 'clone', '--depth', '1', 'https://github.com/vrachieru/samsung-tv-api.git', 'experiment_5_TDD\\repos\\samsung-tv-api']' returned non-zero exit status 128.
DatasetLLMImprovementRunner | 2026-03-22 21:43:34,237 | ERROR | Failed edkrueger/sars-fastapi: Command '['git', 'clone', '--depth', '1', 'https://github.com/edkrueger/sars-fastapi.git', 'experiment_5_TDD\\repos\\sars-fastapi']' returned non-zero exit status 128.
DatasetLLMImprovementRunner | 2026-03-22 21:44:48,301 | INFO | DatasetLLMImprovementRunner |START
DatasetLLMImprovementRunner | 2026-03-22 22:24:51,650 | ERROR | Failed TurdusMaximus/MiseryVideoStream: Command '['git', 'clone', '--depth', '1', 'https://github.com/TurdusMaximus/MiseryVideoStream.git', 'experiment_5_TDD\\repos\\MiseryVideoStream']' returned non-zero exit status 128.
DatasetLLMImprovementRunner | 2026-03-22 22:24:51,768 | ERROR | Failed CyniteOfficial/Auto-Filter-V5: Command '['git', 'clone', '--depth', '1', 'https://github.com/CyniteOfficial/Auto-Filter-V5.git', 'experiment_5_TDD\\repos\\Auto-Filter-V5']' returned non-zero exit status 128.
DatasetLLMImprovementRunner | 2026-03-22 22:24:51,883 | ERROR | Failed dakshkohli23/Sharingan-Rename-Bot: Command '['git', 'clone', '--depth', '1', 'https://github.com/dakshkohli23/Sharingan-Rename-Bot.git', 'experiment_5_TDD\\repos\\Sharingan-Rename-Bot']' returned non-zero exit status 128.
DatasetLLMImprovementRunner | 2026-03-22 22:24:51,998 | ERROR | Failed MrMKN/Auto-ReqAccept-Bot: Command '['git', 'clone', '--depth', '1', 'https://github.com/MrMKN/Auto-ReqAccept-Bot.git', 'experiment_5_TDD\\repos\\Auto-ReqAccept-Bot']' returned non-zero exit status 128.
DatasetLLMImprovementRunner | 2026-03-22 22:24:52,112 | ERROR | Failed ashutosh1919/kubernetes-deploy-tutorial: Command '['git', 'clone', '--depth', '1', 'https://github.com/ashutosh1919/kubernetes-deploy-tutorial.git', 'experiment_5_TDD\\repos\\kubernetes-deploy-tutorial']' returned non-zero exit status 128.
DatasetLLMImprovementRunner | 2026-03-22 22:24:52,218 | ERROR | Failed fexd12/bot-sinais: Command '['git', 'clone', '--depth', '1', 'https://github.com/fexd12/bot-sinais.git', 'experiment_5_TDD\\repos\\bot-sinais']' returned non-zero exit status 128.
DatasetLLMImprovementRunner | 2026-03-22 22:24:52,326 | ERROR | Failed svenlu/conn: Command '['git', 'clone', '--depth', '1', 'https://github.com/svenlu/conn.git', 'experiment_5_TDD\\repos\\conn']' returned non-zero exit status 128.
DatasetLLMImprovementRunner | 2026-03-22 22:24:52,434 | ERROR | Failed devgaganin/tele-userbot: Command '['git', 'clone', '--depth', '1', 'https://github.com/devgaganin/tele-userbot.git', 'experiment_5_TDD\\repos\\tele-userbot']' returned non-zero exit status 128.
DatasetLLMImprovementRunner | 2026-03-22 22:24:52,544 | ERROR | Failed paulafredo/spam-api-free-fire: Command '['git', 'clone', '--depth', '1', 'https://github.com/paulafredo/spam-api-free-fire.git', 'experiment_5_TDD\\repos\\spam-api-free-fire']' returned non-zero exit status 128.
DatasetLLMImprovementRunner | 2026-03-22 22:24:52,654 | ERROR | Failed AmTanny/allukabot: Command '['git', 'clone', '--depth', '1', 'https://github.com/AmTanny/allukabot.git', 'experiment_5_TDD\\repos\\allukabot']' returned non-zero exit status 128.
DatasetLLMImprovementRunner | 2026-03-22 22:24:52,760 | ERROR | Failed LinkedInLearning/data-vis-python-dash-3009706: Command '['git', 'clone', '--depth', '1', 'https://github.com/LinkedInLearning/data-vis-python-dash-3009706.git', 'experiment_5_TDD\\repos\\data-vis-python-dash-3009706']' returned non-zero exit status 128.
DatasetLLMImprovementRunner | 2026-03-22 22:24:52,867 | ERROR | Failed TgCatUB/CatPlugins: Command '['git', 'clone', '--depth', '1', 'https://github.com/TgCatUB/CatPlugins.git', 'experiment_5_TDD\\repos\\CatPlugins']' returned non-zero exit status 128.
DatasetLLMImprovementRunner | 2026-03-22 22:24:52,974 | ERROR | Failed jenkinsci/jenkins-charm: Command '['git', 'clone', '--depth', '1', 'https://github.com/jenkinsci/jenkins-charm.git', 'experiment_5_TDD\\repos\\jenkins-charm']' returned non-zero exit status 128.
DatasetLLMImprovementRunner | 2026-03-22 22:24:53,082 | ERROR | Failed LinkedInLearning/python-serialization-2822693: Command '['git', 'clone', '--depth', '1', 'https://github.com/LinkedInLearning/python-serialization-2822693.git', 'experiment_5_TDD\\repos\\python-serialization-2822693']' returned non-zero exit status 128.
DatasetLLMImprovementRunner | 2026-03-22 22:24:53,194 | ERROR | Failed kodekloudhub/webapp-color: Command '['git', 'clone', '--depth', '1', 'https://github.com/kodekloudhub/webapp-color.git', 'experiment_5_TDD\\repos\\webapp-color']' returned non-zero exit status 128.
DatasetLLMImprovementRunner | 2026-03-22 22:24:53,303 | ERROR | Failed biisal/biisal-Auto-Caption-Bot: Command '['git', 'clone', '--depth', '1', 'https://github.com/biisal/biisal-Auto-Caption-Bot.git', 'experiment_5_TDD\\repos\\biisal-Auto-Caption-Bot']' returned non-zero exit status 128.
DatasetLLMImprovementRunner | 2026-03-22 22:24:53,415 | ERROR | Failed LinkedInLearning/complete-guide-to-data-lakes-and-lakehouses-3865060: Command '['git', 'clone', '--depth', '1', 'https://github.com/LinkedInLearning/complete-guide-to-data-lakes-and-lakehouses-3865060.git', 'experiment_5_TDD\\repos\\complete-guide-to-data-lakes-and-lakehouses-3865060']' returned non-zero exit status 128.
DatasetLLMImprovementRunner | 2026-03-22 22:24:53,521 | ERROR | Failed palvarez89/octopus-to-tado-sync: Command '['git', 'clone', '--depth', '1', 'https://github.com/palvarez89/octopus-to-tado-sync.git', 'experiment_5_TDD\\repos\\octopus-to-tado-sync']' returned non-zero exit status 128.
DatasetLLMImprovementRunner | 2026-03-22 22:24:53,629 | ERROR | Failed anandpsdev/SubtitlesBot: Command '['git', 'clone', '--depth', '1', 'https://github.com/anandpsdev/SubtitlesBot.git', 'experiment_5_TDD\\repos\\SubtitlesBot']' returned non-zero exit status 128.
DatasetLLMImprovementRunner | 2026-03-22 22:24:53,739 | ERROR | Failed Maliksahid786/file-filter-botv5: Command '['git', 'clone', '--depth', '1', 'https://github.com/Maliksahid786/file-filter-botv5.git', 'experiment_5_TDD\\repos\\file-filter-botv5']' returned non-zero exit status 128.
DatasetLLMImprovementRunner | 2026-03-22 22:24:53,844 | ERROR | Failed 18Prachi/airplane-boarding-simulation: Command '['git', 'clone', '--depth', '1', 'https://github.com/18Prachi/airplane-boarding-simulation.git', 'experiment_5_TDD\\repos\\airplane-boarding-simulation']' returned non-zero exit status 128.
DatasetLLMImprovementRunner | 2026-03-22 22:24:53,951 | ERROR | Failed moscowpython/learn_python_koans: Command '['git', 'clone', '--depth', '1', 'https://github.com/moscowpython/learn_python_koans.git', 'experiment_5_TDD\\repos\\learn_python_koans']' returned non-zero exit status 128.
DatasetLLMImprovementRunner | 2026-03-22 22:24:54,058 | ERROR | Failed caibingcheng/vercel-flask: Command '['git', 'clone', '--depth', '1', 'https://github.com/caibingcheng/vercel-flask.git', 'experiment_5_TDD\\repos\\vercel-flask']' returned non-zero exit status 128.
DatasetLLMImprovementRunner | 2026-03-22 22:24:54,167 | ERROR | Failed WISEPLAT/MortgageCalculator: Command '['git', 'clone', '--depth', '1', 'https://github.com/WISEPLAT/MortgageCalculator.git', 'experiment_5_TDD\\repos\\MortgageCalculator']' returned non-zero exit status 128.
DatasetLLMImprovementRunner | 2026-03-22 22:24:54,275 | ERROR | Failed HellxGodLike/IGRIS_BOT: Command '['git', 'clone', '--depth', '1', 'https://github.com/HellxGodLike/IGRIS_BOT.git', 'experiment_5_TDD\\repos\\IGRIS_BOT']' returned non-zero exit status 128.
DatasetLLMImprovementRunner | 2026-03-22 22:24:54,385 | ERROR | Failed Miserlou/HerokuFreeProxy: Command '['git', 'clone', '--depth', '1', 'https://github.com/Miserlou/HerokuFreeProxy.git', 'experiment_5_TDD\\repos\\HerokuFreeProxy']' returned non-zero exit status 128.
DatasetLLMImprovementRunner | 2026-03-22 22:24:54,494 | ERROR | Failed openhab/openhab-mycroft: Command '['git', 'clone', '--depth', '1', 'https://github.com/openhab/openhab-mycroft.git', 'experiment_5_TDD\\repos\\openhab-mycroft']' returned non-zero exit status 128.
DatasetLLMImprovementRunner | 2026-03-22 22:24:54,599 | ERROR | Failed harry1080/secretx: Command '['git', 'clone', '--depth', '1', 'https://github.com/harry1080/secretx.git', 'experiment_5_TDD\\repos\\secretx']' returned non-zero exit status 128.
DatasetLLMImprovementRunner | 2026-03-22 22:24:54,704 | ERROR | Failed TeamOfShadow/Shadow: Command '['git', 'clone', '--depth', '1', 'https://github.com/TeamOfShadow/Shadow.git', 'experiment_5_TDD\\repos\\Shadow']' returned non-zero exit status 128.
DatasetLLMImprovementRunner | 2026-03-22 22:24:54,817 | ERROR | Failed awth13/Linux-Arctis-7-Plus-ChatMix: Command '['git', 'clone', '--depth', '1', 'https://github.com/awth13/Linux-Arctis-7-Plus-ChatMix.git', 'experiment_5_TDD\\repos\\Linux-Arctis-7-Plus-ChatMix']' returned non-zero exit status 128.
DatasetLLMImprovementRunner | 2026-03-22 22:24:54,817 | INFO | DatasetLLMImprovementRunner | SUCCESS | time=2406.52s
DatasetLLMImprovementRunner | 2026-03-22 23:05:58,234 | INFO | DatasetLLMImprovementRunner |START
DatasetLLMImprovementRunner | 2026-03-23 00:54:11,846 | ERROR | Failed aaryanrr/Railway-Management: Command '['git', 'clone', '--depth', '1', 'https://github.com/aaryanrr/Railway-Management.git', 'experiment_5_TDD\\repos\\Railway-Management']' returned non-zero exit status 128.
DatasetLLMImprovementRunner | 2026-03-23 00:54:11,881 | ERROR | Failed yondonfu/comfystream: Command '['git', 'clone', '--depth', '1', 'https://github.com/yondonfu/comfystream.git', 'experiment_5_TDD\\repos\\comfystream']' returned non-zero exit status 128.
DatasetLLMImprovementRunner | 2026-03-23 00:54:11,917 | ERROR | Failed matus-chochlik/ctcache: Command '['git', 'clone', '--depth', '1', 'https://github.com/matus-chochlik/ctcache.git', 'experiment_5_TDD\\repos\\ctcache']' returned non-zero exit status 128.
DatasetLLMImprovementRunner | 2026-03-23 00:54:11,952 | ERROR | Failed coldfusion39/domi-owned: Command '['git', 'clone', '--depth', '1', 'https://github.com/coldfusion39/domi-owned.git', 'experiment_5_TDD\\repos\\domi-owned']' returned non-zero exit status 128.
DatasetLLMImprovementRunner | 2026-03-23 00:54:11,984 | ERROR | Failed misterch0c/GithubLeakAlert: Command '['git', 'clone', '--depth', '1', 'https://github.com/misterch0c/GithubLeakAlert.git', 'experiment_5_TDD\\repos\\GithubLeakAlert']' returned non-zero exit status 128.
DatasetLLMImprovementRunner | 2026-03-23 00:54:37,497 | ERROR | Failed rhettre/coinbase-advancedtrade-python: Command '['git', 'clone', '--depth', '1', 'https://github.com/rhettre/coinbase-advancedtrade-python.git', 'experiment_5_TDD\\repos\\coinbase-advancedtrade-python']' returned non-zero exit status 128.
DatasetLLMImprovementRunner | 2026-03-23 00:54:37,535 | ERROR | Failed pyexcel/pyexcel-xlsx: Command '['git', 'clone', '--depth', '1', 'https://github.com/pyexcel/pyexcel-xlsx.git', 'experiment_5_TDD\\repos\\pyexcel-xlsx']' returned non-zero exit status 128.
DatasetLLMImprovementRunner | 2026-03-23 00:54:37,568 | ERROR | Failed vrachieru/samsung-tv-api: Command '['git', 'clone', '--depth', '1', 'https://github.com/vrachieru/samsung-tv-api.git', 'experiment_5_TDD\\repos\\samsung-tv-api']' returned non-zero exit status 128.
DatasetLLMImprovementRunner | 2026-03-23 00:54:37,603 | ERROR | Failed edkrueger/sars-fastapi: Command '['git', 'clone', '--depth', '1', 'https://github.com/edkrueger/sars-fastapi.git', 'experiment_5_TDD\\repos\\sars-fastapi']' returned non-zero exit status 128.
DatasetLLMImprovementRunner | 2026-03-23 00:54:37,641 | ERROR | Failed balanced/status.balancedpayments.com: Command '['git', 'clone', '--depth', '1', 'https://github.com/balanced/status.balancedpayments.com.git', 'experiment_5_TDD\\repos\\status.balancedpayments.com']' returned non-zero exit status 128.
DatasetLLMImprovementRunner | 2026-03-23 00:55:16,207 | ERROR | Failed LARC-CMU-SMU/FoodSeg103-Benchmark-v1: Command '['git', 'clone', '--depth', '1', 'https://github.com/LARC-CMU-SMU/FoodSeg103-Benchmark-v1.git', 'experiment_5_TDD\\repos\\FoodSeg103-Benchmark-v1']' returned non-zero exit status 128.
DatasetLLMImprovementRunner | 2026-03-23 01:27:38,140 | ERROR | Failed fBUZk2BH/RSC-Detect-CVE-2025-55182: Command '['git', 'clone', '--depth', '1', 'https://github.com/fBUZk2BH/RSC-Detect-CVE-2025-55182.git', 'experiment_5_TDD\\repos\\RSC-Detect-CVE-2025-55182']' returned non-zero exit status 128.
DatasetLLMImprovementRunner | 2026-03-23 02:00:01,008 | INFO | DatasetLLMImprovementRunner | SUCCESS | time=10442.77s
DatasetLLMImprovementRunner | 2026-03-23 12:31:21,710 | INFO | DatasetLLMImprovementRunner |START
DatasetLLMImprovementRunner | 2026-03-23 12:32:59,026 | INFO | DatasetLLMImprovementRunner |START
