StaticAnalysis | 2026-03-22 21:37:49,791 | INFO | StaticAnalysisBEFORE |START
StaticAnalysis | 2026-03-22 21:37:51,287 | INFO | StaticAnalysisBEFORE | SUCCESS | time=1.5s
StaticAnalysis | 2026-03-22 21:40:29,121 | INFO | StaticAnalysisAFTER |START
StaticAnalysis | 2026-03-22 21:40:30,201 | INFO | StaticAnalysisAFTER | SUCCESS | time=1.08s
StaticAnalysis | 2026-03-22 21:44:50,193 | INFO | StaticAnalysisBEFORE |START
StaticAnalysis | 2026-03-22 21:44:50,193 | INFO | experiment_5_TDD\artifacts\static_analysis\BEFORE\Railway-Management exists
StaticAnalysis | 2026-03-22 21:44:50,194 | INFO | StaticAnalysisBEFORE | SUCCESS | time=0.0s
StaticAnalysis | 2026-03-22 21:45:44,195 | INFO | StaticAnalysisAFTER |START
StaticAnalysis | 2026-03-22 21:45:44,516 | INFO | StaticAnalysisAFTER | SUCCESS | time=0.32s
StaticAnalysis | 2026-03-22 21:45:46,697 | INFO | StaticAnalysisBEFORE |START
StaticAnalysis | 2026-03-22 21:45:48,781 | INFO | StaticAnalysisBEFORE | SUCCESS | time=2.08s
StaticAnalysis | 2026-03-22 21:57:39,858 | INFO | StaticAnalysisAFTER |START
StaticAnalysis | 2026-03-22 21:57:40,600 | INFO | StaticAnalysisAFTER | SUCCESS | time=0.74s
StaticAnalysis | 2026-03-22 21:57:42,188 | INFO | StaticAnalysisBEFORE |START
StaticAnalysis | 2026-03-22 21:57:43,206 | INFO | StaticAnalysisBEFORE | SUCCESS | time=1.02s
StaticAnalysis | 2026-03-22 22:00:15,455 | INFO | StaticAnalysisAFTER |START
StaticAnalysis | 2026-03-22 22:00:15,998 | INFO | StaticAnalysisAFTER | SUCCESS | time=0.54s
StaticAnalysis | 2026-03-22 22:00:17,463 | INFO | StaticAnalysisBEFORE |START
StaticAnalysis | 2026-03-22 22:00:17,807 | INFO | StaticAnalysisBEFORE | SUCCESS | time=0.34s
StaticAnalysis | 2026-03-22 22:06:44,870 | INFO | StaticAnalysisAFTER |START
StaticAnalysis | 2026-03-22 22:06:45,293 | INFO | StaticAnalysisAFTER | SUCCESS | time=0.42s
StaticAnalysis | 2026-03-22 22:06:46,534 | INFO | StaticAnalysisBEFORE |START
StaticAnalysis | 2026-03-22 22:06:46,777 | INFO | StaticAnalysisBEFORE | SUCCESS | time=0.24s
StaticAnalysis | 2026-03-22 22:08:59,503 | INFO | StaticAnalysisAFTER |START
StaticAnalysis | 2026-03-22 22:08:59,822 | INFO | StaticAnalysisAFTER | SUCCESS | time=0.32s
StaticAnalysis | 2026-03-22 22:09:01,448 | INFO | StaticAnalysisBEFORE |START
StaticAnalysis | 2026-03-22 22:09:01,965 | INFO | StaticAnalysisBEFORE | SUCCESS | time=0.52s
StaticAnalysis | 2026-03-22 22:18:00,078 | INFO | StaticAnalysisAFTER |START
StaticAnalysis | 2026-03-22 22:18:00,584 | INFO | StaticAnalysisAFTER | SUCCESS | time=0.51s
StaticAnalysis | 2026-03-22 22:18:02,255 | INFO | StaticAnalysisBEFORE |START
StaticAnalysis | 2026-03-22 22:18:02,956 | INFO | StaticAnalysisBEFORE | SUCCESS | time=0.7s
StaticAnalysis | 2026-03-22 22:19:48,467 | INFO | StaticAnalysisAFTER |START
StaticAnalysis | 2026-03-22 22:19:48,860 | INFO | StaticAnalysisAFTER | SUCCESS | time=0.39s
StaticAnalysis | 2026-03-22 22:19:50,056 | INFO | StaticAnalysisBEFORE |START
StaticAnalysis | 2026-03-22 22:19:50,308 | INFO | StaticAnalysisBEFORE | SUCCESS | time=0.25s
StaticAnalysis | 2026-03-22 22:21:05,489 | INFO | StaticAnalysisAFTER |START
StaticAnalysis | 2026-03-22 22:21:05,794 | INFO | StaticAnalysisAFTER | SUCCESS | time=0.31s
StaticAnalysis | 2026-03-22 22:21:06,928 | INFO | StaticAnalysisBEFORE |START
StaticAnalysis | 2026-03-22 22:21:07,229 | INFO | StaticAnalysisBEFORE | SUCCESS | time=0.3s
StaticAnalysis | 2026-03-22 22:22:18,987 | INFO | StaticAnalysisAFTER |START
StaticAnalysis | 2026-03-22 22:22:19,291 | INFO | StaticAnalysisAFTER | SUCCESS | time=0.3s
StaticAnalysis | 2026-03-22 22:22:24,044 | INFO | StaticAnalysisBEFORE |START
StaticAnalysis | 2026-03-22 22:22:28,458 | INFO | StaticAnalysisBEFORE | SUCCESS | time=4.41s
StaticAnalysis | 2026-03-22 22:23:16,232 | INFO | StaticAnalysisAFTER |START
StaticAnalysis | 2026-03-22 22:23:18,313 | INFO | StaticAnalysisAFTER | SUCCESS | time=2.08s
StaticAnalysis | 2026-03-22 22:23:33,711 | INFO | StaticAnalysisBEFORE |START
StaticAnalysis | 2026-03-22 22:23:43,493 | INFO | StaticAnalysisBEFORE | SUCCESS | time=9.78s
StaticAnalysis | 2026-03-22 22:24:47,941 | INFO | StaticAnalysisAFTER |START
StaticAnalysis | 2026-03-22 22:24:51,390 | INFO | StaticAnalysisAFTER | SUCCESS | time=3.45s
StaticAnalysis | 2026-03-22 23:06:07,957 | INFO | StaticAnalysisBEFORE |START
StaticAnalysis | 2026-03-22 23:06:12,787 | INFO | StaticAnalysisBEFORE | SUCCESS | time=4.83s
StaticAnalysis | 2026-03-22 23:08:17,823 | INFO | StaticAnalysisAFTER |START
StaticAnalysis | 2026-03-22 23:08:20,151 | INFO | StaticAnalysisAFTER | SUCCESS | time=2.33s
StaticAnalysis | 2026-03-22 23:08:26,069 | INFO | StaticAnalysisBEFORE |START
StaticAnalysis | 2026-03-22 23:08:34,640 | INFO | StaticAnalysisBEFORE | SUCCESS | time=8.57s
StaticAnalysis | 2026-03-22 23:36:27,671 | INFO | StaticAnalysisAFTER |START
StaticAnalysis | 2026-03-22 23:36:29,201 | INFO | StaticAnalysisAFTER | SUCCESS | time=1.53s
StaticAnalysis | 2026-03-22 23:36:31,019 | INFO | StaticAnalysisBEFORE |START
StaticAnalysis | 2026-03-22 23:36:31,952 | INFO | StaticAnalysisBEFORE | SUCCESS | time=0.93s
StaticAnalysis | 2026-03-22 23:45:01,327 | INFO | StaticAnalysisAFTER |START
StaticAnalysis | 2026-03-22 23:45:02,114 | INFO | StaticAnalysisAFTER | SUCCESS | time=0.79s
StaticAnalysis | 2026-03-22 23:45:03,579 | INFO | StaticAnalysisBEFORE |START
StaticAnalysis | 2026-03-22 23:45:03,958 | INFO | StaticAnalysisBEFORE | SUCCESS | time=0.38s
StaticAnalysis | 2026-03-22 23:54:49,743 | INFO | StaticAnalysisAFTER |START
StaticAnalysis | 2026-03-22 23:54:50,172 | INFO | StaticAnalysisAFTER | SUCCESS | time=0.43s
StaticAnalysis | 2026-03-22 23:54:58,303 | INFO | StaticAnalysisBEFORE |START
StaticAnalysis | 2026-03-22 23:55:00,215 | INFO | StaticAnalysisBEFORE | SUCCESS | time=1.91s
StaticAnalysis | 2026-03-22 23:55:23,595 | INFO | StaticAnalysisAFTER |START
StaticAnalysis | 2026-03-22 23:55:26,541 | INFO | StaticAnalysisAFTER | SUCCESS | time=2.95s
StaticAnalysis | 2026-03-22 23:55:27,963 | INFO | StaticAnalysisBEFORE |START
StaticAnalysis | 2026-03-22 23:55:31,046 | INFO | StaticAnalysisBEFORE | SUCCESS | time=3.08s
StaticAnalysis | 2026-03-22 23:59:37,163 | INFO | StaticAnalysisAFTER |START
StaticAnalysis | 2026-03-22 23:59:38,103 | INFO | StaticAnalysisAFTER | SUCCESS | time=0.94s
StaticAnalysis | 2026-03-22 23:59:40,229 | INFO | StaticAnalysisBEFORE |START
StaticAnalysis | 2026-03-22 23:59:40,424 | INFO | StaticAnalysisBEFORE | SUCCESS | time=0.19s
StaticAnalysis | 2026-03-23 00:07:26,376 | INFO | StaticAnalysisAFTER |START
StaticAnalysis | 2026-03-23 00:07:26,637 | INFO | StaticAnalysisAFTER | SUCCESS | time=0.26s
StaticAnalysis | 2026-03-23 00:07:28,591 | INFO | StaticAnalysisBEFORE |START
StaticAnalysis | 2026-03-23 00:07:28,761 | INFO | StaticAnalysisBEFORE | SUCCESS | time=0.17s
StaticAnalysis | 2026-03-23 00:08:05,593 | INFO | StaticAnalysisAFTER |START
StaticAnalysis | 2026-03-23 00:08:05,844 | INFO | StaticAnalysisAFTER | SUCCESS | time=0.25s
StaticAnalysis | 2026-03-23 00:08:07,983 | INFO | StaticAnalysisBEFORE |START
StaticAnalysis | 2026-03-23 00:08:08,346 | INFO | StaticAnalysisBEFORE | SUCCESS | time=0.36s
StaticAnalysis | 2026-03-23 00:09:08,902 | INFO | StaticAnalysisAFTER |START
StaticAnalysis | 2026-03-23 00:09:09,291 | INFO | StaticAnalysisAFTER | SUCCESS | time=0.39s
StaticAnalysis | 2026-03-23 00:09:11,006 | INFO | StaticAnalysisBEFORE |START
StaticAnalysis | 2026-03-23 00:09:11,192 | INFO | StaticAnalysisBEFORE | SUCCESS | time=0.19s
StaticAnalysis | 2026-03-23 00:15:59,774 | INFO | StaticAnalysisAFTER |START
StaticAnalysis | 2026-03-23 00:16:00,051 | INFO | StaticAnalysisAFTER | SUCCESS | time=0.28s
StaticAnalysis | 2026-03-23 00:16:03,238 | INFO | StaticAnalysisBEFORE |START
StaticAnalysis | 2026-03-23 00:16:03,957 | INFO | StaticAnalysisBEFORE | SUCCESS | time=0.72s
StaticAnalysis | 2026-03-23 00:17:17,307 | INFO | StaticAnalysisAFTER |START
StaticAnalysis | 2026-03-23 00:17:18,385 | INFO | StaticAnalysisAFTER | SUCCESS | time=1.08s
StaticAnalysis | 2026-03-23 00:17:20,714 | INFO | StaticAnalysisBEFORE |START
StaticAnalysis | 2026-03-23 00:17:20,930 | INFO | StaticAnalysisBEFORE | SUCCESS | time=0.22s
StaticAnalysis | 2026-03-23 00:28:44,150 | INFO | StaticAnalysisAFTER |START
StaticAnalysis | 2026-03-23 00:28:44,434 | INFO | StaticAnalysisAFTER | SUCCESS | time=0.28s
StaticAnalysis | 2026-03-23 00:28:46,327 | INFO | StaticAnalysisBEFORE |START
StaticAnalysis | 2026-03-23 00:28:46,537 | INFO | StaticAnalysisBEFORE | SUCCESS | time=0.21s
StaticAnalysis | 2026-03-23 00:30:25,417 | INFO | StaticAnalysisAFTER |START
StaticAnalysis | 2026-03-23 00:30:25,668 | INFO | StaticAnalysisAFTER | SUCCESS | time=0.25s
StaticAnalysis | 2026-03-23 00:30:28,150 | INFO | StaticAnalysisBEFORE |START
StaticAnalysis | 2026-03-23 00:30:28,516 | INFO | StaticAnalysisBEFORE | SUCCESS | time=0.37s
StaticAnalysis | 2026-03-23 00:31:17,316 | INFO | StaticAnalysisAFTER |START
StaticAnalysis | 2026-03-23 00:31:17,745 | INFO | StaticAnalysisAFTER | SUCCESS | time=0.43s
StaticAnalysis | 2026-03-23 00:31:19,666 | INFO | StaticAnalysisBEFORE |START
StaticAnalysis | 2026-03-23 00:31:20,053 | INFO | StaticAnalysisBEFORE | SUCCESS | time=0.39s
StaticAnalysis | 2026-03-23 00:32:35,448 | INFO | StaticAnalysisAFTER |START
StaticAnalysis | 2026-03-23 00:32:36,031 | INFO | StaticAnalysisAFTER | SUCCESS | time=0.58s
StaticAnalysis | 2026-03-23 00:32:38,185 | INFO | StaticAnalysisBEFORE |START
StaticAnalysis | 2026-03-23 00:32:38,381 | INFO | StaticAnalysisBEFORE | SUCCESS | time=0.2s
StaticAnalysis | 2026-03-23 00:33:21,978 | INFO | StaticAnalysisAFTER |START
StaticAnalysis | 2026-03-23 00:33:22,212 | INFO | StaticAnalysisAFTER | SUCCESS | time=0.23s
StaticAnalysis | 2026-03-23 00:33:24,191 | INFO | StaticAnalysisBEFORE |START
StaticAnalysis | 2026-03-23 00:33:24,524 | INFO | StaticAnalysisBEFORE | SUCCESS | time=0.33s
StaticAnalysis | 2026-03-23 00:34:25,112 | INFO | StaticAnalysisAFTER |START
StaticAnalysis | 2026-03-23 00:34:25,402 | INFO | StaticAnalysisAFTER | SUCCESS | time=0.29s
StaticAnalysis | 2026-03-23 00:34:26,753 | INFO | StaticAnalysisBEFORE |START
StaticAnalysis | 2026-03-23 00:34:26,986 | INFO | StaticAnalysisBEFORE | SUCCESS | time=0.23s
StaticAnalysis | 2026-03-23 00:34:47,655 | INFO | StaticAnalysisAFTER |START
StaticAnalysis | 2026-03-23 00:34:47,903 | INFO | StaticAnalysisAFTER | SUCCESS | time=0.25s
StaticAnalysis | 2026-03-23 00:34:49,360 | INFO | StaticAnalysisBEFORE |START
StaticAnalysis | 2026-03-23 00:34:49,580 | INFO | StaticAnalysisBEFORE | SUCCESS | time=0.22s
StaticAnalysis | 2026-03-23 00:35:16,189 | INFO | StaticAnalysisAFTER |START
StaticAnalysis | 2026-03-23 00:35:16,451 | INFO | StaticAnalysisAFTER | SUCCESS | time=0.26s
StaticAnalysis | 2026-03-23 00:35:17,696 | INFO | StaticAnalysisBEFORE |START
StaticAnalysis | 2026-03-23 00:35:17,852 | INFO | StaticAnalysisBEFORE | SUCCESS | time=0.16s
StaticAnalysis | 2026-03-23 00:35:35,567 | INFO | StaticAnalysisAFTER |START
StaticAnalysis | 2026-03-23 00:35:35,754 | INFO | StaticAnalysisAFTER | SUCCESS | time=0.19s
StaticAnalysis | 2026-03-23 00:35:38,248 | INFO | StaticAnalysisBEFORE |START
StaticAnalysis | 2026-03-23 00:35:38,835 | INFO | StaticAnalysisBEFORE | SUCCESS | time=0.59s
StaticAnalysis | 2026-03-23 00:37:07,468 | INFO | StaticAnalysisAFTER |START
StaticAnalysis | 2026-03-23 00:37:07,857 | INFO | StaticAnalysisAFTER | SUCCESS | time=0.39s
StaticAnalysis | 2026-03-23 00:37:09,481 | INFO | StaticAnalysisBEFORE |START
StaticAnalysis | 2026-03-23 00:37:09,697 | INFO | StaticAnalysisBEFORE | SUCCESS | time=0.22s
StaticAnalysis | 2026-03-23 00:37:45,103 | INFO | StaticAnalysisAFTER |START
StaticAnalysis | 2026-03-23 00:37:45,376 | INFO | StaticAnalysisAFTER | SUCCESS | time=0.27s
StaticAnalysis | 2026-03-23 00:37:47,635 | INFO | StaticAnalysisBEFORE |START
StaticAnalysis | 2026-03-23 00:37:47,996 | INFO | StaticAnalysisBEFORE | SUCCESS | time=0.36s
StaticAnalysis | 2026-03-23 00:38:07,557 | INFO | StaticAnalysisAFTER |START
StaticAnalysis | 2026-03-23 00:38:07,979 | INFO | StaticAnalysisAFTER | SUCCESS | time=0.42s
StaticAnalysis | 2026-03-23 00:38:10,197 | INFO | StaticAnalysisBEFORE |START
StaticAnalysis | 2026-03-23 00:38:10,466 | INFO | StaticAnalysisBEFORE | SUCCESS | time=0.27s
StaticAnalysis | 2026-03-23 00:38:30,463 | INFO | StaticAnalysisAFTER |START
StaticAnalysis | 2026-03-23 00:38:30,712 | INFO | StaticAnalysisAFTER | SUCCESS | time=0.25s
StaticAnalysis | 2026-03-23 00:38:32,019 | INFO | StaticAnalysisBEFORE |START
StaticAnalysis | 2026-03-23 00:38:32,222 | INFO | StaticAnalysisBEFORE | SUCCESS | time=0.2s
StaticAnalysis | 2026-03-23 00:38:49,565 | INFO | StaticAnalysisAFTER |START
StaticAnalysis | 2026-03-23 00:38:49,764 | INFO | StaticAnalysisAFTER | SUCCESS | time=0.2s
StaticAnalysis | 2026-03-23 00:38:50,902 | INFO | StaticAnalysisBEFORE |START
StaticAnalysis | 2026-03-23 00:38:51,073 | INFO | StaticAnalysisBEFORE | SUCCESS | time=0.17s
StaticAnalysis | 2026-03-23 00:39:11,332 | INFO | StaticAnalysisAFTER |START
StaticAnalysis | 2026-03-23 00:39:11,548 | INFO | StaticAnalysisAFTER | SUCCESS | time=0.22s
StaticAnalysis | 2026-03-23 00:39:13,829 | INFO | StaticAnalysisBEFORE |START
StaticAnalysis | 2026-03-23 00:39:13,992 | INFO | StaticAnalysisBEFORE | SUCCESS | time=0.16s
StaticAnalysis | 2026-03-23 00:39:31,294 | INFO | StaticAnalysisAFTER |START
StaticAnalysis | 2026-03-23 00:39:31,464 | INFO | StaticAnalysisAFTER | SUCCESS | time=0.17s
StaticAnalysis | 2026-03-23 00:39:33,182 | INFO | StaticAnalysisBEFORE |START
StaticAnalysis | 2026-03-23 00:39:33,390 | INFO | StaticAnalysisBEFORE | SUCCESS | time=0.21s
StaticAnalysis | 2026-03-23 00:39:53,390 | INFO | StaticAnalysisAFTER |START
StaticAnalysis | 2026-03-23 00:39:53,658 | INFO | StaticAnalysisAFTER | SUCCESS | time=0.27s
StaticAnalysis | 2026-03-23 00:39:54,965 | INFO | StaticAnalysisBEFORE |START
StaticAnalysis | 2026-03-23 00:39:55,210 | INFO | StaticAnalysisBEFORE | SUCCESS | time=0.25s
StaticAnalysis | 2026-03-23 00:40:11,501 | INFO | StaticAnalysisAFTER |START
StaticAnalysis | 2026-03-23 00:40:11,790 | INFO | StaticAnalysisAFTER | SUCCESS | time=0.29s
StaticAnalysis | 2026-03-23 00:40:14,149 | INFO | StaticAnalysisBEFORE |START
StaticAnalysis | 2026-03-23 00:40:15,271 | INFO | StaticAnalysisBEFORE | SUCCESS | time=1.12s
StaticAnalysis | 2026-03-23 00:41:00,766 | INFO | StaticAnalysisAFTER |START
StaticAnalysis | 2026-03-23 00:41:49,229 | INFO | StaticAnalysisAFTER | SUCCESS | time=48.46s
StaticAnalysis | 2026-03-23 00:41:51,085 | INFO | StaticAnalysisBEFORE |START
StaticAnalysis | 2026-03-23 00:41:51,599 | INFO | StaticAnalysisBEFORE | SUCCESS | time=0.51s
StaticAnalysis | 2026-03-23 00:42:17,126 | INFO | StaticAnalysisAFTER |START
StaticAnalysis | 2026-03-23 00:42:17,427 | INFO | StaticAnalysisAFTER | SUCCESS | time=0.3s
StaticAnalysis | 2026-03-23 00:42:18,645 | INFO | StaticAnalysisBEFORE |START
StaticAnalysis | 2026-03-23 00:42:18,911 | INFO | StaticAnalysisBEFORE | SUCCESS | time=0.27s
StaticAnalysis | 2026-03-23 00:42:54,939 | INFO | StaticAnalysisAFTER |START
StaticAnalysis | 2026-03-23 00:42:55,190 | INFO | StaticAnalysisAFTER | SUCCESS | time=0.25s
StaticAnalysis | 2026-03-23 00:42:56,280 | INFO | StaticAnalysisBEFORE |START
StaticAnalysis | 2026-03-23 00:42:56,560 | INFO | StaticAnalysisBEFORE | SUCCESS | time=0.28s
StaticAnalysis | 2026-03-23 00:43:22,839 | INFO | StaticAnalysisAFTER |START
StaticAnalysis | 2026-03-23 00:43:23,116 | INFO | StaticAnalysisAFTER | SUCCESS | time=0.28s
StaticAnalysis | 2026-03-23 00:43:26,476 | INFO | StaticAnalysisBEFORE |START
StaticAnalysis | 2026-03-23 00:43:30,138 | INFO | StaticAnalysisBEFORE | SUCCESS | time=3.66s
StaticAnalysis | 2026-03-23 00:43:48,968 | INFO | StaticAnalysisAFTER |START
StaticAnalysis | 2026-03-23 00:43:50,002 | INFO | StaticAnalysisAFTER | SUCCESS | time=1.03s
StaticAnalysis | 2026-03-23 00:43:51,597 | INFO | StaticAnalysisBEFORE |START
StaticAnalysis | 2026-03-23 00:43:53,303 | INFO | StaticAnalysisBEFORE | SUCCESS | time=1.71s
StaticAnalysis | 2026-03-23 00:44:11,834 | INFO | StaticAnalysisAFTER |START
StaticAnalysis | 2026-03-23 00:44:12,288 | INFO | StaticAnalysisAFTER | SUCCESS | time=0.45s
StaticAnalysis | 2026-03-23 00:44:14,016 | INFO | StaticAnalysisBEFORE |START
StaticAnalysis | 2026-03-23 00:44:14,559 | INFO | StaticAnalysisBEFORE | SUCCESS | time=0.54s
StaticAnalysis | 2026-03-23 00:44:34,142 | INFO | StaticAnalysisAFTER |START
StaticAnalysis | 2026-03-23 00:44:34,541 | INFO | StaticAnalysisAFTER | SUCCESS | time=0.4s
StaticAnalysis | 2026-03-23 00:44:36,179 | INFO | StaticAnalysisBEFORE |START
StaticAnalysis | 2026-03-23 00:44:36,868 | INFO | StaticAnalysisBEFORE | SUCCESS | time=0.69s
StaticAnalysis | 2026-03-23 00:44:58,187 | INFO | StaticAnalysisAFTER |START
StaticAnalysis | 2026-03-23 00:44:58,808 | INFO | StaticAnalysisAFTER | SUCCESS | time=0.62s
StaticAnalysis | 2026-03-23 00:45:00,091 | INFO | StaticAnalysisBEFORE |START
StaticAnalysis | 2026-03-23 00:45:00,476 | INFO | StaticAnalysisBEFORE | SUCCESS | time=0.39s
StaticAnalysis | 2026-03-23 00:45:20,018 | INFO | StaticAnalysisAFTER |START
StaticAnalysis | 2026-03-23 00:45:20,353 | INFO | StaticAnalysisAFTER | SUCCESS | time=0.33s
StaticAnalysis | 2026-03-23 00:45:24,304 | INFO | StaticAnalysisBEFORE |START
StaticAnalysis | 2026-03-23 00:45:28,199 | INFO | StaticAnalysisBEFORE | SUCCESS | time=3.9s
StaticAnalysis | 2026-03-23 00:45:56,757 | INFO | StaticAnalysisAFTER |START
StaticAnalysis | 2026-03-23 00:45:58,962 | INFO | StaticAnalysisAFTER | SUCCESS | time=2.19s
StaticAnalysis | 2026-03-23 00:46:01,470 | INFO | StaticAnalysisBEFORE |START
StaticAnalysis | 2026-03-23 00:46:12,250 | INFO | StaticAnalysisBEFORE | SUCCESS | time=10.78s
StaticAnalysis | 2026-03-23 00:46:29,452 | INFO | StaticAnalysisAFTER |START
StaticAnalysis | 2026-03-23 00:46:29,962 | INFO | StaticAnalysisAFTER | SUCCESS | time=0.51s
StaticAnalysis | 2026-03-23 00:46:32,119 | INFO | StaticAnalysisBEFORE |START
StaticAnalysis | 2026-03-23 00:46:33,134 | INFO | StaticAnalysisBEFORE | SUCCESS | time=1.01s
StaticAnalysis | 2026-03-23 00:46:48,758 | INFO | StaticAnalysisAFTER |START
StaticAnalysis | 2026-03-23 00:46:49,629 | INFO | StaticAnalysisAFTER | SUCCESS | time=0.87s
StaticAnalysis | 2026-03-23 00:46:52,339 | INFO | StaticAnalysisBEFORE |START
StaticAnalysis | 2026-03-23 00:46:54,448 | INFO | StaticAnalysisBEFORE | SUCCESS | time=2.11s
StaticAnalysis | 2026-03-23 00:47:23,747 | INFO | StaticAnalysisAFTER |START
StaticAnalysis | 2026-03-23 00:47:25,492 | INFO | StaticAnalysisAFTER | SUCCESS | time=1.74s
StaticAnalysis | 2026-03-23 00:47:26,977 | INFO | StaticAnalysisBEFORE |START
StaticAnalysis | 2026-03-23 00:47:27,906 | INFO | StaticAnalysisBEFORE | SUCCESS | time=0.93s
StaticAnalysis | 2026-03-23 00:47:45,929 | INFO | StaticAnalysisAFTER |START
StaticAnalysis | 2026-03-23 00:47:46,341 | INFO | StaticAnalysisAFTER | SUCCESS | time=0.41s
StaticAnalysis | 2026-03-23 00:47:48,324 | INFO | StaticAnalysisBEFORE |START
StaticAnalysis | 2026-03-23 00:47:50,710 | INFO | StaticAnalysisBEFORE | SUCCESS | time=2.39s
StaticAnalysis | 2026-03-23 00:48:16,045 | INFO | StaticAnalysisAFTER |START
StaticAnalysis | 2026-03-23 00:48:17,704 | INFO | StaticAnalysisAFTER | SUCCESS | time=1.66s
StaticAnalysis | 2026-03-23 00:48:19,088 | INFO | StaticAnalysisBEFORE |START
StaticAnalysis | 2026-03-23 00:48:19,827 | INFO | StaticAnalysisBEFORE | SUCCESS | time=0.74s
StaticAnalysis | 2026-03-23 00:48:58,615 | INFO | StaticAnalysisAFTER |START
StaticAnalysis | 2026-03-23 00:48:59,156 | INFO | StaticAnalysisAFTER | SUCCESS | time=0.54s
StaticAnalysis | 2026-03-23 00:49:01,134 | INFO | StaticAnalysisBEFORE |START
StaticAnalysis | 2026-03-23 00:49:02,089 | INFO | StaticAnalysisBEFORE | SUCCESS | time=0.96s
StaticAnalysis | 2026-03-23 00:49:22,392 | INFO | StaticAnalysisAFTER |START
StaticAnalysis | 2026-03-23 00:49:22,805 | INFO | StaticAnalysisAFTER | SUCCESS | time=0.41s
StaticAnalysis | 2026-03-23 00:49:23,963 | INFO | StaticAnalysisBEFORE |START
StaticAnalysis | 2026-03-23 00:49:24,323 | INFO | StaticAnalysisBEFORE | SUCCESS | time=0.36s
StaticAnalysis | 2026-03-23 00:49:41,975 | INFO | StaticAnalysisAFTER |START
StaticAnalysis | 2026-03-23 00:49:42,407 | INFO | StaticAnalysisAFTER | SUCCESS | time=0.43s
StaticAnalysis | 2026-03-23 00:49:43,560 | INFO | StaticAnalysisBEFORE |START
StaticAnalysis | 2026-03-23 00:49:43,822 | INFO | StaticAnalysisBEFORE | SUCCESS | time=0.26s
StaticAnalysis | 2026-03-23 00:50:04,117 | INFO | StaticAnalysisAFTER |START
StaticAnalysis | 2026-03-23 00:50:04,398 | INFO | StaticAnalysisAFTER | SUCCESS | time=0.28s
StaticAnalysis | 2026-03-23 00:50:05,451 | INFO | StaticAnalysisBEFORE |START
StaticAnalysis | 2026-03-23 00:50:05,692 | INFO | StaticAnalysisBEFORE | SUCCESS | time=0.24s
StaticAnalysis | 2026-03-23 00:51:05,756 | INFO | StaticAnalysisAFTER |START
StaticAnalysis | 2026-03-23 00:51:06,014 | INFO | StaticAnalysisAFTER | SUCCESS | time=0.26s
StaticAnalysis | 2026-03-23 00:51:07,313 | INFO | StaticAnalysisBEFORE |START
StaticAnalysis | 2026-03-23 00:51:07,618 | INFO | StaticAnalysisBEFORE | SUCCESS | time=0.31s
StaticAnalysis | 2026-03-23 00:52:04,175 | INFO | StaticAnalysisAFTER |START
StaticAnalysis | 2026-03-23 00:52:04,437 | INFO | StaticAnalysisAFTER | SUCCESS | time=0.26s
StaticAnalysis | 2026-03-23 00:52:07,287 | INFO | StaticAnalysisBEFORE |START
StaticAnalysis | 2026-03-23 00:52:10,866 | INFO | StaticAnalysisBEFORE | SUCCESS | time=3.58s
StaticAnalysis | 2026-03-23 00:52:37,665 | INFO | StaticAnalysisAFTER |START
StaticAnalysis | 2026-03-23 00:52:41,051 | INFO | StaticAnalysisAFTER | SUCCESS | time=3.39s
StaticAnalysis | 2026-03-23 00:52:43,763 | INFO | StaticAnalysisBEFORE |START
StaticAnalysis | 2026-03-23 00:52:44,554 | INFO | StaticAnalysisBEFORE | SUCCESS | time=0.79s
StaticAnalysis | 2026-03-23 00:53:32,026 | INFO | StaticAnalysisAFTER |START
StaticAnalysis | 2026-03-23 00:53:32,466 | INFO | StaticAnalysisAFTER | SUCCESS | time=0.44s
StaticAnalysis | 2026-03-23 00:53:33,904 | INFO | StaticAnalysisBEFORE |START
StaticAnalysis | 2026-03-23 00:53:34,183 | INFO | StaticAnalysisBEFORE | SUCCESS | time=0.28s
StaticAnalysis | 2026-03-23 00:54:11,332 | INFO | StaticAnalysisAFTER |START
StaticAnalysis | 2026-03-23 00:54:11,786 | INFO | StaticAnalysisAFTER | SUCCESS | time=0.45s
StaticAnalysis | 2026-03-23 00:54:13,875 | INFO | StaticAnalysisBEFORE |START
StaticAnalysis | 2026-03-23 00:54:15,491 | INFO | StaticAnalysisBEFORE | SUCCESS | time=1.62s
StaticAnalysis | 2026-03-23 00:54:36,511 | INFO | StaticAnalysisAFTER |START
StaticAnalysis | 2026-03-23 00:54:37,359 | INFO | StaticAnalysisAFTER | SUCCESS | time=0.85s
StaticAnalysis | 2026-03-23 00:54:39,064 | INFO | StaticAnalysisBEFORE |START
StaticAnalysis | 2026-03-23 00:54:39,447 | INFO | StaticAnalysisBEFORE | SUCCESS | time=0.38s
StaticAnalysis | 2026-03-23 00:55:15,817 | INFO | StaticAnalysisAFTER |START
StaticAnalysis | 2026-03-23 00:55:16,153 | INFO | StaticAnalysisAFTER | SUCCESS | time=0.34s
StaticAnalysis | 2026-03-23 00:55:17,826 | INFO | StaticAnalysisBEFORE |START
StaticAnalysis | 2026-03-23 00:55:18,757 | INFO | StaticAnalysisBEFORE | SUCCESS | time=0.93s
StaticAnalysis | 2026-03-23 00:55:58,455 | INFO | StaticAnalysisAFTER |START
StaticAnalysis | 2026-03-23 00:55:58,797 | INFO | StaticAnalysisAFTER | SUCCESS | time=0.34s
StaticAnalysis | 2026-03-23 00:56:00,548 | INFO | StaticAnalysisBEFORE |START
StaticAnalysis | 2026-03-23 00:56:01,381 | INFO | StaticAnalysisBEFORE | SUCCESS | time=0.83s
StaticAnalysis | 2026-03-23 00:56:29,433 | INFO | StaticAnalysisAFTER |START
StaticAnalysis | 2026-03-23 00:56:30,382 | INFO | StaticAnalysisAFTER | SUCCESS | time=0.95s
StaticAnalysis | 2026-03-23 00:56:31,730 | INFO | StaticAnalysisBEFORE |START
StaticAnalysis | 2026-03-23 00:56:32,455 | INFO | StaticAnalysisBEFORE | SUCCESS | time=0.72s
StaticAnalysis | 2026-03-23 00:56:57,288 | INFO | StaticAnalysisAFTER |START
StaticAnalysis | 2026-03-23 00:56:57,664 | INFO | StaticAnalysisAFTER | SUCCESS | time=0.38s
StaticAnalysis | 2026-03-23 00:56:58,791 | INFO | StaticAnalysisBEFORE |START
StaticAnalysis | 2026-03-23 00:56:59,072 | INFO | StaticAnalysisBEFORE | SUCCESS | time=0.28s
StaticAnalysis | 2026-03-23 00:57:24,281 | INFO | StaticAnalysisAFTER |START
StaticAnalysis | 2026-03-23 00:57:24,556 | INFO | StaticAnalysisAFTER | SUCCESS | time=0.28s
StaticAnalysis | 2026-03-23 00:57:25,650 | INFO | StaticAnalysisBEFORE |START
StaticAnalysis | 2026-03-23 00:57:25,900 | INFO | StaticAnalysisBEFORE | SUCCESS | time=0.25s
StaticAnalysis | 2026-03-23 00:57:44,150 | INFO | StaticAnalysisAFTER |START
StaticAnalysis | 2026-03-23 00:57:44,397 | INFO | StaticAnalysisAFTER | SUCCESS | time=0.25s
StaticAnalysis | 2026-03-23 00:57:45,514 | INFO | StaticAnalysisBEFORE |START
StaticAnalysis | 2026-03-23 00:57:45,805 | INFO | StaticAnalysisBEFORE | SUCCESS | time=0.29s
StaticAnalysis | 2026-03-23 00:58:18,450 | INFO | StaticAnalysisAFTER |START
StaticAnalysis | 2026-03-23 00:58:18,716 | INFO | StaticAnalysisAFTER | SUCCESS | time=0.27s
StaticAnalysis | 2026-03-23 00:58:19,881 | INFO | StaticAnalysisBEFORE |START
StaticAnalysis | 2026-03-23 00:58:20,223 | INFO | StaticAnalysisBEFORE | SUCCESS | time=0.34s
StaticAnalysis | 2026-03-23 00:58:47,487 | INFO | StaticAnalysisAFTER |START
StaticAnalysis | 2026-03-23 00:58:47,716 | INFO | StaticAnalysisAFTER | SUCCESS | time=0.23s
StaticAnalysis | 2026-03-23 00:58:48,960 | INFO | StaticAnalysisBEFORE |START
StaticAnalysis | 2026-03-23 00:58:49,561 | INFO | StaticAnalysisBEFORE | SUCCESS | time=0.6s
StaticAnalysis | 2026-03-23 00:59:18,527 | INFO | StaticAnalysisAFTER |START
StaticAnalysis | 2026-03-23 00:59:19,082 | INFO | StaticAnalysisAFTER | SUCCESS | time=0.55s
StaticAnalysis | 2026-03-23 00:59:20,280 | INFO | StaticAnalysisBEFORE |START
StaticAnalysis | 2026-03-23 00:59:20,578 | INFO | StaticAnalysisBEFORE | SUCCESS | time=0.3s
StaticAnalysis | 2026-03-23 00:59:36,684 | INFO | StaticAnalysisAFTER |START
StaticAnalysis | 2026-03-23 00:59:37,003 | INFO | StaticAnalysisAFTER | SUCCESS | time=0.32s
StaticAnalysis | 2026-03-23 00:59:40,278 | INFO | StaticAnalysisBEFORE |START
StaticAnalysis | 2026-03-23 00:59:42,359 | INFO | StaticAnalysisBEFORE | SUCCESS | time=2.08s
StaticAnalysis | 2026-03-23 01:00:06,910 | INFO | StaticAnalysisAFTER |START
StaticAnalysis | 2026-03-23 01:00:08,984 | INFO | StaticAnalysisAFTER | SUCCESS | time=2.07s
StaticAnalysis | 2026-03-23 01:00:10,423 | INFO | StaticAnalysisBEFORE |START
StaticAnalysis | 2026-03-23 01:00:11,091 | INFO | StaticAnalysisBEFORE | SUCCESS | time=0.67s
StaticAnalysis | 2026-03-23 01:01:57,728 | INFO | StaticAnalysisAFTER |START
StaticAnalysis | 2026-03-23 01:01:58,168 | INFO | StaticAnalysisAFTER | SUCCESS | time=0.44s
StaticAnalysis | 2026-03-23 01:01:59,996 | INFO | StaticAnalysisBEFORE |START
StaticAnalysis | 2026-03-23 01:02:01,054 | INFO | StaticAnalysisBEFORE | SUCCESS | time=1.06s
StaticAnalysis | 2026-03-23 01:02:19,882 | INFO | StaticAnalysisAFTER |START
StaticAnalysis | 2026-03-23 01:02:20,962 | INFO | StaticAnalysisAFTER | SUCCESS | time=1.08s
StaticAnalysis | 2026-03-23 01:02:22,744 | INFO | StaticAnalysisBEFORE |START
StaticAnalysis | 2026-03-23 01:02:23,834 | INFO | StaticAnalysisBEFORE | SUCCESS | time=1.09s
StaticAnalysis | 2026-03-23 01:02:54,308 | INFO | StaticAnalysisAFTER |START
StaticAnalysis | 2026-03-23 01:02:54,915 | INFO | StaticAnalysisAFTER | SUCCESS | time=0.61s
StaticAnalysis | 2026-03-23 01:02:56,723 | INFO | StaticAnalysisBEFORE |START
StaticAnalysis | 2026-03-23 01:02:57,777 | INFO | StaticAnalysisBEFORE | SUCCESS | time=1.05s
StaticAnalysis | 2026-03-23 01:03:19,468 | INFO | StaticAnalysisAFTER |START
StaticAnalysis | 2026-03-23 01:03:19,856 | INFO | StaticAnalysisAFTER | SUCCESS | time=0.39s
StaticAnalysis | 2026-03-23 01:03:21,034 | INFO | StaticAnalysisBEFORE |START
StaticAnalysis | 2026-03-23 01:03:21,296 | INFO | StaticAnalysisBEFORE | SUCCESS | time=0.26s
StaticAnalysis | 2026-03-23 01:03:38,404 | INFO | StaticAnalysisAFTER |START
StaticAnalysis | 2026-03-23 01:03:38,673 | INFO | StaticAnalysisAFTER | SUCCESS | time=0.27s
StaticAnalysis | 2026-03-23 01:03:39,821 | INFO | StaticAnalysisBEFORE |START
StaticAnalysis | 2026-03-23 01:03:40,132 | INFO | StaticAnalysisBEFORE | SUCCESS | time=0.31s
StaticAnalysis | 2026-03-23 01:04:06,754 | INFO | StaticAnalysisAFTER |START
StaticAnalysis | 2026-03-23 01:04:07,014 | INFO | StaticAnalysisAFTER | SUCCESS | time=0.27s
StaticAnalysis | 2026-03-23 01:04:08,889 | INFO | StaticAnalysisBEFORE |START
StaticAnalysis | 2026-03-23 01:04:09,986 | INFO | StaticAnalysisBEFORE | SUCCESS | time=1.09s
StaticAnalysis | 2026-03-23 01:04:35,980 | INFO | StaticAnalysisAFTER |START
StaticAnalysis | 2026-03-23 01:04:36,332 | INFO | StaticAnalysisAFTER | SUCCESS | time=0.35s
StaticAnalysis | 2026-03-23 01:04:37,424 | INFO | StaticAnalysisBEFORE |START
StaticAnalysis | 2026-03-23 01:04:37,685 | INFO | StaticAnalysisBEFORE | SUCCESS | time=0.26s
StaticAnalysis | 2026-03-23 01:04:56,823 | INFO | StaticAnalysisAFTER |START
StaticAnalysis | 2026-03-23 01:04:57,071 | INFO | StaticAnalysisAFTER | SUCCESS | time=0.25s
StaticAnalysis | 2026-03-23 01:04:58,237 | INFO | StaticAnalysisBEFORE |START
StaticAnalysis | 2026-03-23 01:04:58,638 | INFO | StaticAnalysisBEFORE | SUCCESS | time=0.4s
StaticAnalysis | 2026-03-23 01:05:16,060 | INFO | StaticAnalysisAFTER |START
StaticAnalysis | 2026-03-23 01:05:16,334 | INFO | StaticAnalysisAFTER | SUCCESS | time=0.27s
StaticAnalysis | 2026-03-23 01:05:17,922 | INFO | StaticAnalysisBEFORE |START
StaticAnalysis | 2026-03-23 01:05:18,654 | INFO | StaticAnalysisBEFORE | SUCCESS | time=0.73s
StaticAnalysis | 2026-03-23 01:07:50,643 | INFO | StaticAnalysisAFTER |START
StaticAnalysis | 2026-03-23 01:07:51,263 | INFO | StaticAnalysisAFTER | SUCCESS | time=0.62s
StaticAnalysis | 2026-03-23 01:07:52,514 | INFO | StaticAnalysisBEFORE |START
StaticAnalysis | 2026-03-23 01:07:52,874 | INFO | StaticAnalysisBEFORE | SUCCESS | time=0.36s
StaticAnalysis | 2026-03-23 01:08:10,520 | INFO | StaticAnalysisAFTER |START
StaticAnalysis | 2026-03-23 01:08:10,869 | INFO | StaticAnalysisAFTER | SUCCESS | time=0.35s
StaticAnalysis | 2026-03-23 01:08:12,131 | INFO | StaticAnalysisBEFORE |START
StaticAnalysis | 2026-03-23 01:08:12,432 | INFO | StaticAnalysisBEFORE | SUCCESS | time=0.3s
StaticAnalysis | 2026-03-23 01:08:41,016 | INFO | StaticAnalysisAFTER |START
StaticAnalysis | 2026-03-23 01:08:41,342 | INFO | StaticAnalysisAFTER | SUCCESS | time=0.33s
StaticAnalysis | 2026-03-23 01:08:42,425 | INFO | StaticAnalysisBEFORE |START
StaticAnalysis | 2026-03-23 01:08:42,681 | INFO | StaticAnalysisBEFORE | SUCCESS | time=0.26s
StaticAnalysis | 2026-03-23 01:09:00,210 | INFO | StaticAnalysisAFTER |START
StaticAnalysis | 2026-03-23 01:09:00,463 | INFO | StaticAnalysisAFTER | SUCCESS | time=0.25s
StaticAnalysis | 2026-03-23 01:09:02,171 | INFO | StaticAnalysisBEFORE |START
StaticAnalysis | 2026-03-23 01:09:04,705 | INFO | StaticAnalysisBEFORE | SUCCESS | time=2.53s
StaticAnalysis | 2026-03-23 01:09:36,134 | INFO | StaticAnalysisAFTER |START
StaticAnalysis | 2026-03-23 01:09:36,455 | INFO | StaticAnalysisAFTER | SUCCESS | time=0.32s
StaticAnalysis | 2026-03-23 01:09:40,023 | INFO | StaticAnalysisBEFORE |START
StaticAnalysis | 2026-03-23 01:09:43,230 | INFO | StaticAnalysisBEFORE | SUCCESS | time=3.21s
StaticAnalysis | 2026-03-23 01:10:05,340 | INFO | StaticAnalysisAFTER |START
StaticAnalysis | 2026-03-23 01:10:08,303 | INFO | StaticAnalysisAFTER | SUCCESS | time=2.96s
StaticAnalysis | 2026-03-23 01:10:09,548 | INFO | StaticAnalysisBEFORE |START
StaticAnalysis | 2026-03-23 01:10:09,858 | INFO | StaticAnalysisBEFORE | SUCCESS | time=0.31s
StaticAnalysis | 2026-03-23 01:10:38,031 | INFO | StaticAnalysisAFTER |START
StaticAnalysis | 2026-03-23 01:10:38,290 | INFO | StaticAnalysisAFTER | SUCCESS | time=0.26s
StaticAnalysis | 2026-03-23 01:10:39,492 | INFO | StaticAnalysisBEFORE |START
StaticAnalysis | 2026-03-23 01:10:41,483 | INFO | StaticAnalysisBEFORE | SUCCESS | time=1.99s
StaticAnalysis | 2026-03-23 01:11:05,642 | INFO | StaticAnalysisAFTER |START
StaticAnalysis | 2026-03-23 01:11:05,980 | INFO | StaticAnalysisAFTER | SUCCESS | time=0.34s
StaticAnalysis | 2026-03-23 01:11:07,192 | INFO | StaticAnalysisBEFORE |START
StaticAnalysis | 2026-03-23 01:11:07,472 | INFO | StaticAnalysisBEFORE | SUCCESS | time=0.28s
StaticAnalysis | 2026-03-23 01:11:23,492 | INFO | StaticAnalysisAFTER |START
StaticAnalysis | 2026-03-23 01:11:23,750 | INFO | StaticAnalysisAFTER | SUCCESS | time=0.26s
StaticAnalysis | 2026-03-23 01:11:29,886 | INFO | StaticAnalysisBEFORE |START
StaticAnalysis | 2026-03-23 01:11:32,677 | INFO | StaticAnalysisBEFORE | SUCCESS | time=2.79s
StaticAnalysis | 2026-03-23 01:12:40,164 | INFO | StaticAnalysisAFTER |START
StaticAnalysis | 2026-03-23 01:12:42,352 | INFO | StaticAnalysisAFTER | SUCCESS | time=2.19s
StaticAnalysis | 2026-03-23 01:12:43,569 | INFO | StaticAnalysisBEFORE |START
StaticAnalysis | 2026-03-23 01:12:43,897 | INFO | StaticAnalysisBEFORE | SUCCESS | time=0.33s
StaticAnalysis | 2026-03-23 01:13:00,900 | INFO | StaticAnalysisAFTER |START
StaticAnalysis | 2026-03-23 01:13:01,185 | INFO | StaticAnalysisAFTER | SUCCESS | time=0.29s
StaticAnalysis | 2026-03-23 01:13:03,852 | INFO | StaticAnalysisBEFORE |START
StaticAnalysis | 2026-03-23 01:13:04,769 | INFO | StaticAnalysisBEFORE | SUCCESS | time=0.92s
StaticAnalysis | 2026-03-23 01:13:37,256 | INFO | StaticAnalysisAFTER |START
StaticAnalysis | 2026-03-23 01:13:38,012 | INFO | StaticAnalysisAFTER | SUCCESS | time=0.76s
StaticAnalysis | 2026-03-23 01:13:40,052 | INFO | StaticAnalysisBEFORE |START
StaticAnalysis | 2026-03-23 01:13:47,617 | INFO | StaticAnalysisBEFORE | SUCCESS | time=7.56s
StaticAnalysis | 2026-03-23 01:14:05,934 | INFO | StaticAnalysisAFTER |START
StaticAnalysis | 2026-03-23 01:14:13,535 | INFO | StaticAnalysisAFTER | SUCCESS | time=7.6s
StaticAnalysis | 2026-03-23 01:14:14,965 | INFO | StaticAnalysisBEFORE |START
StaticAnalysis | 2026-03-23 01:14:15,548 | INFO | StaticAnalysisBEFORE | SUCCESS | time=0.58s
StaticAnalysis | 2026-03-23 01:14:44,836 | INFO | StaticAnalysisAFTER |START
StaticAnalysis | 2026-03-23 01:14:45,188 | INFO | StaticAnalysisAFTER | SUCCESS | time=0.35s
StaticAnalysis | 2026-03-23 01:14:46,427 | INFO | StaticAnalysisBEFORE |START
StaticAnalysis | 2026-03-23 01:14:46,798 | INFO | StaticAnalysisBEFORE | SUCCESS | time=0.37s
StaticAnalysis | 2026-03-23 01:15:03,156 | INFO | StaticAnalysisAFTER |START
StaticAnalysis | 2026-03-23 01:15:03,507 | INFO | StaticAnalysisAFTER | SUCCESS | time=0.35s
StaticAnalysis | 2026-03-23 01:15:04,730 | INFO | StaticAnalysisBEFORE |START
StaticAnalysis | 2026-03-23 01:15:05,098 | INFO | StaticAnalysisBEFORE | SUCCESS | time=0.37s
StaticAnalysis | 2026-03-23 01:15:51,317 | INFO | StaticAnalysisAFTER |START
StaticAnalysis | 2026-03-23 01:15:51,638 | INFO | StaticAnalysisAFTER | SUCCESS | time=0.32s
StaticAnalysis | 2026-03-23 01:15:53,370 | INFO | StaticAnalysisBEFORE |START
StaticAnalysis | 2026-03-23 01:15:54,476 | INFO | StaticAnalysisBEFORE | SUCCESS | time=1.11s
StaticAnalysis | 2026-03-23 01:16:14,209 | INFO | StaticAnalysisAFTER |START
StaticAnalysis | 2026-03-23 01:16:14,768 | INFO | StaticAnalysisAFTER | SUCCESS | time=0.56s
StaticAnalysis | 2026-03-23 01:16:16,221 | INFO | StaticAnalysisBEFORE |START
StaticAnalysis | 2026-03-23 01:16:16,843 | INFO | StaticAnalysisBEFORE | SUCCESS | time=0.62s
StaticAnalysis | 2026-03-23 01:16:41,929 | INFO | StaticAnalysisAFTER |START
StaticAnalysis | 2026-03-23 01:16:42,338 | INFO | StaticAnalysisAFTER | SUCCESS | time=0.41s
StaticAnalysis | 2026-03-23 01:16:43,459 | INFO | StaticAnalysisBEFORE |START
StaticAnalysis | 2026-03-23 01:16:43,714 | INFO | StaticAnalysisBEFORE | SUCCESS | time=0.25s
StaticAnalysis | 2026-03-23 01:17:01,606 | INFO | StaticAnalysisAFTER |START
StaticAnalysis | 2026-03-23 01:17:01,886 | INFO | StaticAnalysisAFTER | SUCCESS | time=0.28s
StaticAnalysis | 2026-03-23 01:17:03,084 | INFO | StaticAnalysisBEFORE |START
StaticAnalysis | 2026-03-23 01:17:03,377 | INFO | StaticAnalysisBEFORE | SUCCESS | time=0.29s
StaticAnalysis | 2026-03-23 01:17:20,345 | INFO | StaticAnalysisAFTER |START
StaticAnalysis | 2026-03-23 01:17:20,629 | INFO | StaticAnalysisAFTER | SUCCESS | time=0.28s
StaticAnalysis | 2026-03-23 01:17:21,765 | INFO | StaticAnalysisBEFORE |START
StaticAnalysis | 2026-03-23 01:17:22,006 | INFO | StaticAnalysisBEFORE | SUCCESS | time=0.24s
StaticAnalysis | 2026-03-23 01:17:42,752 | INFO | StaticAnalysisAFTER |START
StaticAnalysis | 2026-03-23 01:17:43,003 | INFO | StaticAnalysisAFTER | SUCCESS | time=0.25s
StaticAnalysis | 2026-03-23 01:17:44,327 | INFO | StaticAnalysisBEFORE |START
StaticAnalysis | 2026-03-23 01:17:44,741 | INFO | StaticAnalysisBEFORE | SUCCESS | time=0.41s
StaticAnalysis | 2026-03-23 01:18:43,577 | INFO | StaticAnalysisAFTER |START
StaticAnalysis | 2026-03-23 01:18:44,007 | INFO | StaticAnalysisAFTER | SUCCESS | time=0.43s
StaticAnalysis | 2026-03-23 01:18:45,149 | INFO | StaticAnalysisBEFORE |START
StaticAnalysis | 2026-03-23 01:18:45,394 | INFO | StaticAnalysisBEFORE | SUCCESS | time=0.24s
StaticAnalysis | 2026-03-23 01:19:02,467 | INFO | StaticAnalysisAFTER |START
StaticAnalysis | 2026-03-23 01:19:02,720 | INFO | StaticAnalysisAFTER | SUCCESS | time=0.25s
StaticAnalysis | 2026-03-23 01:19:04,004 | INFO | StaticAnalysisBEFORE |START
StaticAnalysis | 2026-03-23 01:19:04,823 | INFO | StaticAnalysisBEFORE | SUCCESS | time=0.82s
StaticAnalysis | 2026-03-23 01:19:21,707 | INFO | StaticAnalysisAFTER |START
StaticAnalysis | 2026-03-23 01:19:22,050 | INFO | StaticAnalysisAFTER | SUCCESS | time=0.34s
StaticAnalysis | 2026-03-23 01:19:23,239 | INFO | StaticAnalysisBEFORE |START
StaticAnalysis | 2026-03-23 01:19:23,729 | INFO | StaticAnalysisBEFORE | SUCCESS | time=0.49s
StaticAnalysis | 2026-03-23 01:20:09,609 | INFO | StaticAnalysisAFTER |START
StaticAnalysis | 2026-03-23 01:20:10,034 | INFO | StaticAnalysisAFTER | SUCCESS | time=0.43s
StaticAnalysis | 2026-03-23 01:20:11,578 | INFO | StaticAnalysisBEFORE |START
StaticAnalysis | 2026-03-23 01:20:11,994 | INFO | StaticAnalysisBEFORE | SUCCESS | time=0.42s
StaticAnalysis | 2026-03-23 01:20:28,404 | INFO | StaticAnalysisAFTER |START
StaticAnalysis | 2026-03-23 01:20:28,739 | INFO | StaticAnalysisAFTER | SUCCESS | time=0.33s
StaticAnalysis | 2026-03-23 01:20:29,926 | INFO | StaticAnalysisBEFORE |START
StaticAnalysis | 2026-03-23 01:20:30,220 | INFO | StaticAnalysisBEFORE | SUCCESS | time=0.29s
StaticAnalysis | 2026-03-23 01:20:57,793 | INFO | StaticAnalysisAFTER |START
StaticAnalysis | 2026-03-23 01:20:58,093 | INFO | StaticAnalysisAFTER | SUCCESS | time=0.3s
StaticAnalysis | 2026-03-23 01:20:59,742 | INFO | StaticAnalysisBEFORE |START
StaticAnalysis | 2026-03-23 01:21:00,992 | INFO | StaticAnalysisBEFORE | SUCCESS | time=1.25s
StaticAnalysis | 2026-03-23 01:21:20,714 | INFO | StaticAnalysisAFTER |START
StaticAnalysis | 2026-03-23 01:21:21,302 | INFO | StaticAnalysisAFTER | SUCCESS | time=0.59s
StaticAnalysis | 2026-03-23 01:21:22,950 | INFO | StaticAnalysisBEFORE |START
StaticAnalysis | 2026-03-23 01:21:23,750 | INFO | StaticAnalysisBEFORE | SUCCESS | time=0.8s
StaticAnalysis | 2026-03-23 01:21:40,535 | INFO | StaticAnalysisAFTER |START
StaticAnalysis | 2026-03-23 01:21:41,011 | INFO | StaticAnalysisAFTER | SUCCESS | time=0.48s
StaticAnalysis | 2026-03-23 01:21:43,030 | INFO | StaticAnalysisBEFORE |START
StaticAnalysis | 2026-03-23 01:21:43,980 | INFO | StaticAnalysisBEFORE | SUCCESS | time=0.95s
StaticAnalysis | 2026-03-23 01:22:02,150 | INFO | StaticAnalysisAFTER |START
StaticAnalysis | 2026-03-23 01:22:03,069 | INFO | StaticAnalysisAFTER | SUCCESS | time=0.92s
StaticAnalysis | 2026-03-23 01:22:04,633 | INFO | StaticAnalysisBEFORE |START
StaticAnalysis | 2026-03-23 01:22:05,797 | INFO | StaticAnalysisBEFORE | SUCCESS | time=1.16s
StaticAnalysis | 2026-03-23 01:22:45,479 | INFO | StaticAnalysisAFTER |START
StaticAnalysis | 2026-03-23 01:22:45,955 | INFO | StaticAnalysisAFTER | SUCCESS | time=0.48s
StaticAnalysis | 2026-03-23 01:22:47,591 | INFO | StaticAnalysisBEFORE |START
StaticAnalysis | 2026-03-23 01:22:48,095 | INFO | StaticAnalysisBEFORE | SUCCESS | time=0.5s
StaticAnalysis | 2026-03-23 01:23:08,157 | INFO | StaticAnalysisAFTER |START
StaticAnalysis | 2026-03-23 01:23:08,448 | INFO | StaticAnalysisAFTER | SUCCESS | time=0.29s
StaticAnalysis | 2026-03-23 01:23:09,614 | INFO | StaticAnalysisBEFORE |START
StaticAnalysis | 2026-03-23 01:23:09,936 | INFO | StaticAnalysisBEFORE | SUCCESS | time=0.32s
StaticAnalysis | 2026-03-23 01:24:36,850 | INFO | StaticAnalysisAFTER |START
StaticAnalysis | 2026-03-23 01:24:37,120 | INFO | StaticAnalysisAFTER | SUCCESS | time=0.27s
StaticAnalysis | 2026-03-23 01:24:38,327 | INFO | StaticAnalysisBEFORE |START
StaticAnalysis | 2026-03-23 01:24:38,690 | INFO | StaticAnalysisBEFORE | SUCCESS | time=0.36s
StaticAnalysis | 2026-03-23 01:24:54,828 | INFO | StaticAnalysisAFTER |START
StaticAnalysis | 2026-03-23 01:24:55,110 | INFO | StaticAnalysisAFTER | SUCCESS | time=0.28s
StaticAnalysis | 2026-03-23 01:24:56,608 | INFO | StaticAnalysisBEFORE |START
StaticAnalysis | 2026-03-23 01:24:57,382 | INFO | StaticAnalysisBEFORE | SUCCESS | time=0.77s
StaticAnalysis | 2026-03-23 01:25:18,755 | INFO | StaticAnalysisAFTER |START
StaticAnalysis | 2026-03-23 01:25:19,054 | INFO | StaticAnalysisAFTER | SUCCESS | time=0.3s
StaticAnalysis | 2026-03-23 01:25:24,637 | INFO | StaticAnalysisBEFORE |START
StaticAnalysis | 2026-03-23 01:25:28,285 | INFO | StaticAnalysisBEFORE | SUCCESS | time=3.65s
StaticAnalysis | 2026-03-23 01:26:01,437 | INFO | StaticAnalysisAFTER |START
StaticAnalysis | 2026-03-23 01:26:04,355 | INFO | StaticAnalysisAFTER | SUCCESS | time=2.92s
StaticAnalysis | 2026-03-23 01:26:06,314 | INFO | StaticAnalysisBEFORE |START
StaticAnalysis | 2026-03-23 01:26:06,929 | INFO | StaticAnalysisBEFORE | SUCCESS | time=0.61s
StaticAnalysis | 2026-03-23 01:26:24,231 | INFO | StaticAnalysisAFTER |START
StaticAnalysis | 2026-03-23 01:26:24,548 | INFO | StaticAnalysisAFTER | SUCCESS | time=0.32s
StaticAnalysis | 2026-03-23 01:26:25,963 | INFO | StaticAnalysisBEFORE |START
StaticAnalysis | 2026-03-23 01:26:26,361 | INFO | StaticAnalysisBEFORE | SUCCESS | time=0.4s
StaticAnalysis | 2026-03-23 01:27:10,618 | INFO | StaticAnalysisAFTER |START
StaticAnalysis | 2026-03-23 01:27:10,966 | INFO | StaticAnalysisAFTER | SUCCESS | time=0.35s
StaticAnalysis | 2026-03-23 01:27:12,280 | INFO | StaticAnalysisBEFORE |START
StaticAnalysis | 2026-03-23 01:27:12,766 | INFO | StaticAnalysisBEFORE | SUCCESS | time=0.49s
StaticAnalysis | 2026-03-23 01:27:36,532 | INFO | StaticAnalysisAFTER |START
StaticAnalysis | 2026-03-23 01:27:36,970 | INFO | StaticAnalysisAFTER | SUCCESS | time=0.44s
StaticAnalysis | 2026-03-23 01:27:39,454 | INFO | StaticAnalysisBEFORE |START
StaticAnalysis | 2026-03-23 01:27:39,962 | INFO | StaticAnalysisBEFORE | SUCCESS | time=0.51s
StaticAnalysis | 2026-03-23 01:27:56,171 | INFO | StaticAnalysisAFTER |START
StaticAnalysis | 2026-03-23 01:27:56,634 | INFO | StaticAnalysisAFTER | SUCCESS | time=0.46s
StaticAnalysis | 2026-03-23 01:27:59,116 | INFO | StaticAnalysisBEFORE |START
StaticAnalysis | 2026-03-23 01:27:59,916 | INFO | StaticAnalysisBEFORE | SUCCESS | time=0.8s
StaticAnalysis | 2026-03-23 01:28:31,529 | INFO | StaticAnalysisAFTER |START
StaticAnalysis | 2026-03-23 01:28:32,211 | INFO | StaticAnalysisAFTER | SUCCESS | time=0.68s
StaticAnalysis | 2026-03-23 01:28:34,451 | INFO | StaticAnalysisBEFORE |START
StaticAnalysis | 2026-03-23 01:28:35,323 | INFO | StaticAnalysisBEFORE | SUCCESS | time=0.87s
StaticAnalysis | 2026-03-23 01:29:55,750 | INFO | StaticAnalysisAFTER |START
StaticAnalysis | 2026-03-23 01:29:56,035 | INFO | StaticAnalysisAFTER | SUCCESS | time=0.29s
StaticAnalysis | 2026-03-23 01:30:00,525 | INFO | StaticAnalysisBEFORE |START
StaticAnalysis | 2026-03-23 01:30:00,827 | INFO | StaticAnalysisBEFORE | SUCCESS | time=0.3s
StaticAnalysis | 2026-03-23 01:30:26,746 | INFO | StaticAnalysisAFTER |START
StaticAnalysis | 2026-03-23 01:30:27,066 | INFO | StaticAnalysisAFTER | SUCCESS | time=0.32s
StaticAnalysis | 2026-03-23 01:30:28,779 | INFO | StaticAnalysisBEFORE |START
StaticAnalysis | 2026-03-23 01:30:29,085 | INFO | StaticAnalysisBEFORE | SUCCESS | time=0.31s
StaticAnalysis | 2026-03-23 01:30:57,610 | INFO | StaticAnalysisAFTER |START
StaticAnalysis | 2026-03-23 01:30:57,787 | INFO | StaticAnalysisAFTER | SUCCESS | time=0.18s
StaticAnalysis | 2026-03-23 01:30:58,966 | INFO | StaticAnalysisBEFORE |START
StaticAnalysis | 2026-03-23 01:30:59,142 | INFO | StaticAnalysisBEFORE | SUCCESS | time=0.18s
StaticAnalysis | 2026-03-23 01:31:15,721 | INFO | StaticAnalysisAFTER |START
StaticAnalysis | 2026-03-23 01:31:15,953 | INFO | StaticAnalysisAFTER | SUCCESS | time=0.23s
StaticAnalysis | 2026-03-23 01:31:19,635 | INFO | StaticAnalysisBEFORE |START
StaticAnalysis | 2026-03-23 01:31:20,066 | INFO | StaticAnalysisBEFORE | SUCCESS | time=0.43s
StaticAnalysis | 2026-03-23 01:32:09,114 | INFO | StaticAnalysisAFTER |START
StaticAnalysis | 2026-03-23 01:32:09,575 | INFO | StaticAnalysisAFTER | SUCCESS | time=0.46s
StaticAnalysis | 2026-03-23 01:32:11,964 | INFO | StaticAnalysisBEFORE |START
StaticAnalysis | 2026-03-23 01:32:12,351 | INFO | StaticAnalysisBEFORE | SUCCESS | time=0.39s
StaticAnalysis | 2026-03-23 01:32:31,143 | INFO | StaticAnalysisAFTER |START
StaticAnalysis | 2026-03-23 01:32:31,568 | INFO | StaticAnalysisAFTER | SUCCESS | time=0.42s
StaticAnalysis | 2026-03-23 01:32:32,805 | INFO | StaticAnalysisBEFORE |START
StaticAnalysis | 2026-03-23 01:32:32,970 | INFO | StaticAnalysisBEFORE | SUCCESS | time=0.16s
StaticAnalysis | 2026-03-23 01:32:57,000 | INFO | StaticAnalysisAFTER |START
StaticAnalysis | 2026-03-23 01:32:57,219 | INFO | StaticAnalysisAFTER | SUCCESS | time=0.22s
StaticAnalysis | 2026-03-23 01:32:58,835 | INFO | StaticAnalysisBEFORE |START
StaticAnalysis | 2026-03-23 01:32:59,191 | INFO | StaticAnalysisBEFORE | SUCCESS | time=0.36s
StaticAnalysis | 2026-03-23 01:33:16,930 | INFO | StaticAnalysisAFTER |START
StaticAnalysis | 2026-03-23 01:33:17,179 | INFO | StaticAnalysisAFTER | SUCCESS | time=0.25s
StaticAnalysis | 2026-03-23 01:33:18,596 | INFO | StaticAnalysisBEFORE |START
StaticAnalysis | 2026-03-23 01:33:18,794 | INFO | StaticAnalysisBEFORE | SUCCESS | time=0.2s
StaticAnalysis | 2026-03-23 01:33:35,949 | INFO | StaticAnalysisAFTER |START
StaticAnalysis | 2026-03-23 01:33:36,204 | INFO | StaticAnalysisAFTER | SUCCESS | time=0.26s
StaticAnalysis | 2026-03-23 01:33:37,759 | INFO | StaticAnalysisBEFORE |START
StaticAnalysis | 2026-03-23 01:33:38,041 | INFO | StaticAnalysisBEFORE | SUCCESS | time=0.28s
StaticAnalysis | 2026-03-23 01:33:59,392 | INFO | StaticAnalysisAFTER |START
StaticAnalysis | 2026-03-23 01:33:59,707 | INFO | StaticAnalysisAFTER | SUCCESS | time=0.31s
StaticAnalysis | 2026-03-23 01:34:02,010 | INFO | StaticAnalysisBEFORE |START
StaticAnalysis | 2026-03-23 01:34:02,157 | INFO | StaticAnalysisBEFORE | SUCCESS | time=0.15s
StaticAnalysis | 2026-03-23 01:34:33,332 | INFO | StaticAnalysisAFTER |START
StaticAnalysis | 2026-03-23 01:34:33,539 | INFO | StaticAnalysisAFTER | SUCCESS | time=0.21s
StaticAnalysis | 2026-03-23 01:34:34,678 | INFO | StaticAnalysisBEFORE |START
StaticAnalysis | 2026-03-23 01:34:34,830 | INFO | StaticAnalysisBEFORE | SUCCESS | time=0.15s
StaticAnalysis | 2026-03-23 01:34:55,528 | INFO | StaticAnalysisAFTER |START
StaticAnalysis | 2026-03-23 01:34:55,675 | INFO | StaticAnalysisAFTER | SUCCESS | time=0.15s
StaticAnalysis | 2026-03-23 01:34:56,793 | INFO | StaticAnalysisBEFORE |START
StaticAnalysis | 2026-03-23 01:34:56,942 | INFO | StaticAnalysisBEFORE | SUCCESS | time=0.15s
StaticAnalysis | 2026-03-23 01:35:14,386 | INFO | StaticAnalysisAFTER |START
StaticAnalysis | 2026-03-23 01:35:14,592 | INFO | StaticAnalysisAFTER | SUCCESS | time=0.21s
StaticAnalysis | 2026-03-23 01:35:16,191 | INFO | StaticAnalysisBEFORE |START
StaticAnalysis | 2026-03-23 01:35:16,336 | INFO | StaticAnalysisBEFORE | SUCCESS | time=0.14s
StaticAnalysis | 2026-03-23 01:35:35,277 | INFO | StaticAnalysisAFTER |START
StaticAnalysis | 2026-03-23 01:35:35,477 | INFO | StaticAnalysisAFTER | SUCCESS | time=0.2s
StaticAnalysis | 2026-03-23 01:35:36,595 | INFO | StaticAnalysisBEFORE |START
StaticAnalysis | 2026-03-23 01:35:36,781 | INFO | StaticAnalysisBEFORE | SUCCESS | time=0.19s
StaticAnalysis | 2026-03-23 01:36:09,727 | INFO | StaticAnalysisAFTER |START
StaticAnalysis | 2026-03-23 01:36:09,949 | INFO | StaticAnalysisAFTER | SUCCESS | time=0.22s
StaticAnalysis | 2026-03-23 01:36:11,621 | INFO | StaticAnalysisBEFORE |START
StaticAnalysis | 2026-03-23 01:36:11,765 | INFO | StaticAnalysisBEFORE | SUCCESS | time=0.14s
StaticAnalysis | 2026-03-23 01:36:30,038 | INFO | StaticAnalysisAFTER |START
StaticAnalysis | 2026-03-23 01:36:30,234 | INFO | StaticAnalysisAFTER | SUCCESS | time=0.2s
StaticAnalysis | 2026-03-23 01:36:31,747 | INFO | StaticAnalysisBEFORE |START
StaticAnalysis | 2026-03-23 01:36:31,956 | INFO | StaticAnalysisBEFORE | SUCCESS | time=0.21s
StaticAnalysis | 2026-03-23 01:36:49,646 | INFO | StaticAnalysisAFTER |START
StaticAnalysis | 2026-03-23 01:36:49,879 | INFO | StaticAnalysisAFTER | SUCCESS | time=0.23s
StaticAnalysis | 2026-03-23 01:36:51,076 | INFO | StaticAnalysisBEFORE |START
StaticAnalysis | 2026-03-23 01:36:51,268 | INFO | StaticAnalysisBEFORE | SUCCESS | time=0.19s
StaticAnalysis | 2026-03-23 01:37:08,284 | INFO | StaticAnalysisAFTER |START
StaticAnalysis | 2026-03-23 01:37:08,480 | INFO | StaticAnalysisAFTER | SUCCESS | time=0.2s
StaticAnalysis | 2026-03-23 01:37:09,907 | INFO | StaticAnalysisBEFORE |START
StaticAnalysis | 2026-03-23 01:37:10,053 | INFO | StaticAnalysisBEFORE | SUCCESS | time=0.15s
StaticAnalysis | 2026-03-23 01:37:38,857 | INFO | StaticAnalysisAFTER |START
StaticAnalysis | 2026-03-23 01:37:39,056 | INFO | StaticAnalysisAFTER | SUCCESS | time=0.2s
StaticAnalysis | 2026-03-23 01:37:40,653 | INFO | StaticAnalysisBEFORE |START
StaticAnalysis | 2026-03-23 01:37:41,065 | INFO | StaticAnalysisBEFORE | SUCCESS | time=0.41s
StaticAnalysis | 2026-03-23 01:37:57,577 | INFO | StaticAnalysisAFTER |START
StaticAnalysis | 2026-03-23 01:37:57,899 | INFO | StaticAnalysisAFTER | SUCCESS | time=0.32s
StaticAnalysis | 2026-03-23 01:37:59,397 | INFO | StaticAnalysisBEFORE |START
StaticAnalysis | 2026-03-23 01:37:59,556 | INFO | StaticAnalysisBEFORE | SUCCESS | time=0.16s
StaticAnalysis | 2026-03-23 01:38:21,342 | INFO | StaticAnalysisAFTER |START
StaticAnalysis | 2026-03-23 01:38:21,574 | INFO | StaticAnalysisAFTER | SUCCESS | time=0.23s
StaticAnalysis | 2026-03-23 01:38:22,765 | INFO | StaticAnalysisBEFORE |START
StaticAnalysis | 2026-03-23 01:38:22,910 | INFO | StaticAnalysisBEFORE | SUCCESS | time=0.14s
StaticAnalysis | 2026-03-23 01:38:45,573 | INFO | StaticAnalysisAFTER |START
StaticAnalysis | 2026-03-23 01:38:45,737 | INFO | StaticAnalysisAFTER | SUCCESS | time=0.16s
StaticAnalysis | 2026-03-23 01:38:47,348 | INFO | StaticAnalysisBEFORE |START
StaticAnalysis | 2026-03-23 01:38:48,016 | INFO | StaticAnalysisBEFORE | SUCCESS | time=0.67s
StaticAnalysis | 2026-03-23 01:39:06,218 | INFO | StaticAnalysisAFTER |START
StaticAnalysis | 2026-03-23 01:39:06,577 | INFO | StaticAnalysisAFTER | SUCCESS | time=0.36s
StaticAnalysis | 2026-03-23 01:39:08,273 | INFO | StaticAnalysisBEFORE |START
StaticAnalysis | 2026-03-23 01:39:08,497 | INFO | StaticAnalysisBEFORE | SUCCESS | time=0.22s
StaticAnalysis | 2026-03-23 01:40:40,477 | INFO | StaticAnalysisAFTER |START
StaticAnalysis | 2026-03-23 01:40:40,671 | INFO | StaticAnalysisAFTER | SUCCESS | time=0.19s
StaticAnalysis | 2026-03-23 01:40:41,944 | INFO | StaticAnalysisBEFORE |START
StaticAnalysis | 2026-03-23 01:40:42,133 | INFO | StaticAnalysisBEFORE | SUCCESS | time=0.19s
StaticAnalysis | 2026-03-23 01:40:59,288 | INFO | StaticAnalysisAFTER |START
StaticAnalysis | 2026-03-23 01:40:59,594 | INFO | StaticAnalysisAFTER | SUCCESS | time=0.31s
StaticAnalysis | 2026-03-23 01:41:00,779 | INFO | StaticAnalysisBEFORE |START
StaticAnalysis | 2026-03-23 01:41:00,935 | INFO | StaticAnalysisBEFORE | SUCCESS | time=0.16s
StaticAnalysis | 2026-03-23 01:41:33,853 | INFO | StaticAnalysisAFTER |START
StaticAnalysis | 2026-03-23 01:41:34,116 | INFO | StaticAnalysisAFTER | SUCCESS | time=0.26s
StaticAnalysis | 2026-03-23 01:41:35,340 | INFO | StaticAnalysisBEFORE |START
StaticAnalysis | 2026-03-23 01:41:35,539 | INFO | StaticAnalysisBEFORE | SUCCESS | time=0.2s
StaticAnalysis | 2026-03-23 01:43:32,235 | INFO | StaticAnalysisAFTER |START
StaticAnalysis | 2026-03-23 01:43:32,435 | INFO | StaticAnalysisAFTER | SUCCESS | time=0.2s
StaticAnalysis | 2026-03-23 01:43:33,552 | INFO | StaticAnalysisBEFORE |START
StaticAnalysis | 2026-03-23 01:43:33,694 | INFO | StaticAnalysisBEFORE | SUCCESS | time=0.14s
StaticAnalysis | 2026-03-23 01:55:37,405 | INFO | StaticAnalysisAFTER |START
StaticAnalysis | 2026-03-23 01:55:37,585 | INFO | StaticAnalysisAFTER | SUCCESS | time=0.18s
StaticAnalysis | 2026-03-23 01:55:39,307 | INFO | StaticAnalysisBEFORE |START
StaticAnalysis | 2026-03-23 01:55:39,617 | INFO | StaticAnalysisBEFORE | SUCCESS | time=0.31s
StaticAnalysis | 2026-03-23 01:57:37,841 | INFO | StaticAnalysisAFTER |START
StaticAnalysis | 2026-03-23 01:57:38,150 | INFO | StaticAnalysisAFTER | SUCCESS | time=0.31s
StaticAnalysis | 2026-03-23 01:57:41,670 | INFO | StaticAnalysisBEFORE |START
StaticAnalysis | 2026-03-23 01:57:42,315 | INFO | StaticAnalysisBEFORE | SUCCESS | time=0.64s
StaticAnalysis | 2026-03-23 01:58:01,200 | INFO | StaticAnalysisAFTER |START
StaticAnalysis | 2026-03-23 01:58:01,678 | INFO | StaticAnalysisAFTER | SUCCESS | time=0.48s
StaticAnalysis | 2026-03-23 01:58:02,963 | INFO | StaticAnalysisBEFORE |START
StaticAnalysis | 2026-03-23 01:58:03,152 | INFO | StaticAnalysisBEFORE | SUCCESS | time=0.19s
StaticAnalysis | 2026-03-23 02:00:00,779 | INFO | StaticAnalysisAFTER |START
StaticAnalysis | 2026-03-23 02:00:00,990 | INFO | StaticAnalysisAFTER | SUCCESS | time=0.21s
StaticAnalysis | 2026-03-23 12:31:26,257 | INFO | StaticAnalysisBEFORE |START
StaticAnalysis | 2026-03-23 12:31:27,398 | INFO | StaticAnalysisBEFORE | SUCCESS | time=1.14s
StaticAnalysis | 2026-03-23 12:33:03,333 | INFO | StaticAnalysisBEFORE |START
StaticAnalysis | 2026-03-23 12:33:03,333 | INFO | experiment_5_TDD\artifacts\static_analysis\BEFORE\whoogle-search exists
StaticAnalysis | 2026-03-23 12:33:03,334 | INFO | StaticAnalysisBEFORE | SUCCESS | time=0.0s
StaticAnalysis | 2026-03-23 12:36:23,324 | INFO | StaticAnalysisAFTER |START
StaticAnalysis | 2026-03-23 12:36:23,656 | INFO | StaticAnalysisAFTER | SUCCESS | time=0.33s
StaticAnalysis | 2026-03-23 12:36:26,245 | INFO | StaticAnalysisBEFORE |START
StaticAnalysis | 2026-03-23 12:36:26,539 | INFO | StaticAnalysisBEFORE | SUCCESS | time=0.29s
StaticAnalysis | 2026-03-23 12:39:24,117 | INFO | StaticAnalysisAFTER |START
StaticAnalysis | 2026-03-23 12:39:24,594 | INFO | StaticAnalysisAFTER | SUCCESS | time=0.48s
StaticAnalysis | 2026-03-23 12:39:26,868 | INFO | StaticAnalysisBEFORE |START
StaticAnalysis | 2026-03-23 12:39:27,560 | INFO | StaticAnalysisBEFORE | SUCCESS | time=0.69s
StaticAnalysis | 2026-03-23 12:48:27,935 | INFO | StaticAnalysisAFTER |START
StaticAnalysis | 2026-03-23 12:48:28,760 | INFO | StaticAnalysisAFTER | SUCCESS | time=0.83s
StaticAnalysis | 2026-03-23 12:48:30,265 | INFO | StaticAnalysisBEFORE |START
StaticAnalysis | 2026-03-23 12:48:30,662 | INFO | StaticAnalysisBEFORE | SUCCESS | time=0.4s
StaticAnalysis | 2026-03-23 12:55:15,730 | INFO | StaticAnalysisAFTER |START
StaticAnalysis | 2026-03-23 12:55:16,060 | INFO | StaticAnalysisAFTER | SUCCESS | time=0.33s
StaticAnalysis | 2026-03-23 12:55:30,275 | INFO | StaticAnalysisBEFORE |START
StaticAnalysis | 2026-03-23 12:55:32,298 | INFO | StaticAnalysisBEFORE | SUCCESS | time=2.02s
StaticAnalysis | 2026-03-23 13:07:11,517 | INFO | StaticAnalysisAFTER |START
StaticAnalysis | 2026-03-23 13:07:15,297 | INFO | StaticAnalysisAFTER | SUCCESS | time=3.78s
StaticAnalysis | 2026-03-23 13:07:17,025 | INFO | StaticAnalysisBEFORE |START
StaticAnalysis | 2026-03-23 13:07:19,097 | INFO | StaticAnalysisBEFORE | SUCCESS | time=2.07s
StaticAnalysis | 2026-03-23 13:20:01,759 | INFO | StaticAnalysisAFTER |START
StaticAnalysis | 2026-03-23 13:20:02,394 | INFO | StaticAnalysisAFTER | SUCCESS | time=0.63s
StaticAnalysis | 2026-03-23 13:20:04,750 | INFO | StaticAnalysisBEFORE |START
StaticAnalysis | 2026-03-23 13:20:04,959 | INFO | StaticAnalysisBEFORE | SUCCESS | time=0.21s
StaticAnalysis | 2026-03-23 13:21:51,539 | INFO | StaticAnalysisAFTER |START
StaticAnalysis | 2026-03-23 13:21:51,792 | INFO | StaticAnalysisAFTER | SUCCESS | time=0.25s
StaticAnalysis | 2026-03-23 13:21:53,299 | INFO | StaticAnalysisBEFORE |START
StaticAnalysis | 2026-03-23 13:21:53,442 | INFO | StaticAnalysisBEFORE | SUCCESS | time=0.14s
StaticAnalysis | 2026-03-23 13:25:54,639 | INFO | StaticAnalysisAFTER |START
StaticAnalysis | 2026-03-23 13:25:54,804 | INFO | StaticAnalysisAFTER | SUCCESS | time=0.16s
StaticAnalysis | 2026-03-23 13:25:56,921 | INFO | StaticAnalysisBEFORE |START
StaticAnalysis | 2026-03-23 13:25:57,284 | INFO | StaticAnalysisBEFORE | SUCCESS | time=0.36s
StaticAnalysis | 2026-03-23 13:27:45,653 | INFO | StaticAnalysisAFTER |START
StaticAnalysis | 2026-03-23 13:27:45,988 | INFO | StaticAnalysisAFTER | SUCCESS | time=0.33s
StaticAnalysis | 2026-03-23 13:27:47,637 | INFO | StaticAnalysisBEFORE |START
StaticAnalysis | 2026-03-23 13:27:47,814 | INFO | StaticAnalysisBEFORE | SUCCESS | time=0.17s
StaticAnalysis | 2026-03-23 13:31:18,952 | INFO | StaticAnalysisAFTER |START
StaticAnalysis | 2026-03-23 13:31:19,136 | INFO | StaticAnalysisAFTER | SUCCESS | time=0.18s
StaticAnalysis | 2026-03-23 13:31:21,978 | INFO | StaticAnalysisBEFORE |START
StaticAnalysis | 2026-03-23 13:31:22,613 | INFO | StaticAnalysisBEFORE | SUCCESS | time=0.64s
StaticAnalysis | 2026-03-23 13:44:44,752 | INFO | StaticAnalysisAFTER |START
StaticAnalysis | 2026-03-23 13:44:45,547 | INFO | StaticAnalysisAFTER | SUCCESS | time=0.8s
StaticAnalysis | 2026-03-23 13:44:47,558 | INFO | StaticAnalysisBEFORE |START
StaticAnalysis | 2026-03-23 13:44:47,756 | INFO | StaticAnalysisBEFORE | SUCCESS | time=0.2s
StaticAnalysis | 2026-03-23 13:46:12,595 | INFO | StaticAnalysisAFTER |START
StaticAnalysis | 2026-03-23 13:46:12,821 | INFO | StaticAnalysisAFTER | SUCCESS | time=0.23s
StaticAnalysis | 2026-03-23 13:46:14,627 | INFO | StaticAnalysisBEFORE |START
StaticAnalysis | 2026-03-23 13:46:14,798 | INFO | StaticAnalysisBEFORE | SUCCESS | time=0.17s
StaticAnalysis | 2026-03-23 13:54:12,228 | INFO | StaticAnalysisAFTER |START
StaticAnalysis | 2026-03-23 13:54:12,408 | INFO | StaticAnalysisAFTER | SUCCESS | time=0.18s
StaticAnalysis | 2026-03-23 13:54:14,523 | INFO | StaticAnalysisBEFORE |START
StaticAnalysis | 2026-03-23 13:54:14,776 | INFO | StaticAnalysisBEFORE | SUCCESS | time=0.25s
StaticAnalysis | 2026-03-23 13:55:08,358 | INFO | StaticAnalysisAFTER |START
StaticAnalysis | 2026-03-23 13:55:08,623 | INFO | StaticAnalysisAFTER | SUCCESS | time=0.27s
StaticAnalysis | 2026-03-23 13:55:10,465 | INFO | StaticAnalysisBEFORE |START
StaticAnalysis | 2026-03-23 13:55:10,921 | INFO | StaticAnalysisBEFORE | SUCCESS | time=0.46s
StaticAnalysis | 2026-03-23 13:56:25,995 | INFO | StaticAnalysisAFTER |START
StaticAnalysis | 2026-03-23 13:56:26,516 | INFO | StaticAnalysisAFTER | SUCCESS | time=0.52s
StaticAnalysis | 2026-03-23 13:56:28,978 | INFO | StaticAnalysisBEFORE |START
StaticAnalysis | 2026-03-23 13:56:29,214 | INFO | StaticAnalysisBEFORE | SUCCESS | time=0.24s
StaticAnalysis | 2026-03-23 14:02:54,149 | INFO | StaticAnalysisAFTER |START
StaticAnalysis | 2026-03-23 14:02:54,351 | INFO | StaticAnalysisAFTER | SUCCESS | time=0.2s
StaticAnalysis | 2026-03-23 14:02:56,208 | INFO | StaticAnalysisBEFORE |START
StaticAnalysis | 2026-03-23 14:02:56,432 | INFO | StaticAnalysisBEFORE | SUCCESS | time=0.22s
StaticAnalysis | 2026-03-23 14:11:46,643 | INFO | StaticAnalysisAFTER |START
StaticAnalysis | 2026-03-23 14:11:47,008 | INFO | StaticAnalysisAFTER | SUCCESS | time=0.37s
StaticAnalysis | 2026-03-23 14:11:48,432 | INFO | StaticAnalysisBEFORE |START
StaticAnalysis | 2026-03-23 14:11:48,607 | INFO | StaticAnalysisBEFORE | SUCCESS | time=0.18s
StaticAnalysis | 2026-03-23 14:12:22,648 | INFO | StaticAnalysisAFTER |START
StaticAnalysis | 2026-03-23 14:12:22,852 | INFO | StaticAnalysisAFTER | SUCCESS | time=0.2s
StaticAnalysis | 2026-03-23 14:12:24,282 | INFO | StaticAnalysisBEFORE |START
StaticAnalysis | 2026-03-23 14:12:24,504 | INFO | StaticAnalysisBEFORE | SUCCESS | time=0.22s
StaticAnalysis | 2026-03-23 14:17:35,522 | INFO | StaticAnalysisAFTER |START
StaticAnalysis | 2026-03-23 14:17:35,753 | INFO | StaticAnalysisAFTER | SUCCESS | time=0.23s
StaticAnalysis | 2026-03-23 14:17:37,066 | INFO | StaticAnalysisBEFORE |START
StaticAnalysis | 2026-03-23 14:17:37,208 | INFO | StaticAnalysisBEFORE | SUCCESS | time=0.14s
StaticAnalysis | 2026-03-23 14:21:04,475 | INFO | StaticAnalysisAFTER |START
StaticAnalysis | 2026-03-23 14:21:04,642 | INFO | StaticAnalysisAFTER | SUCCESS | time=0.17s
StaticAnalysis | 2026-03-23 14:21:07,117 | INFO | StaticAnalysisBEFORE |START
StaticAnalysis | 2026-03-23 14:21:07,676 | INFO | StaticAnalysisBEFORE | SUCCESS | time=0.56s
StaticAnalysis | 2026-03-23 14:21:49,496 | INFO | StaticAnalysisAFTER |START
StaticAnalysis | 2026-03-23 14:21:50,000 | INFO | StaticAnalysisAFTER | SUCCESS | time=0.5s
StaticAnalysis | 2026-03-23 14:21:51,633 | INFO | StaticAnalysisBEFORE |START
StaticAnalysis | 2026-03-23 14:21:51,908 | INFO | StaticAnalysisBEFORE | SUCCESS | time=0.28s
StaticAnalysis | 2026-03-23 14:24:40,585 | INFO | StaticAnalysisAFTER |START
StaticAnalysis | 2026-03-23 14:24:40,857 | INFO | StaticAnalysisAFTER | SUCCESS | time=0.27s
StaticAnalysis | 2026-03-23 14:24:43,350 | INFO | StaticAnalysisBEFORE |START
StaticAnalysis | 2026-03-23 14:24:43,665 | INFO | StaticAnalysisBEFORE | SUCCESS | time=0.31s
StaticAnalysis | 2026-03-23 14:33:43,853 | INFO | StaticAnalysisAFTER |START
StaticAnalysis | 2026-03-23 14:33:44,215 | INFO | StaticAnalysisAFTER | SUCCESS | time=0.36s
StaticAnalysis | 2026-03-23 14:33:46,278 | INFO | StaticAnalysisBEFORE |START
StaticAnalysis | 2026-03-23 14:33:46,516 | INFO | StaticAnalysisBEFORE | SUCCESS | time=0.24s
StaticAnalysis | 2026-03-23 14:36:03,861 | INFO | StaticAnalysisAFTER |START
StaticAnalysis | 2026-03-23 14:36:04,147 | INFO | StaticAnalysisAFTER | SUCCESS | time=0.29s
StaticAnalysis | 2026-03-23 14:36:05,387 | INFO | StaticAnalysisBEFORE |START
StaticAnalysis | 2026-03-23 14:36:05,592 | INFO | StaticAnalysisBEFORE | SUCCESS | time=0.21s
StaticAnalysis | 2026-03-23 14:37:45,755 | INFO | StaticAnalysisAFTER |START
StaticAnalysis | 2026-03-23 14:37:45,960 | INFO | StaticAnalysisAFTER | SUCCESS | time=0.2s
StaticAnalysis | 2026-03-23 14:37:47,129 | INFO | StaticAnalysisBEFORE |START
StaticAnalysis | 2026-03-23 14:37:47,303 | INFO | StaticAnalysisBEFORE | SUCCESS | time=0.17s
StaticAnalysis | 2026-03-23 14:42:35,562 | INFO | StaticAnalysisAFTER |START
StaticAnalysis | 2026-03-23 14:42:35,737 | INFO | StaticAnalysisAFTER | SUCCESS | time=0.17s
StaticAnalysis | 2026-03-23 14:42:45,150 | INFO | StaticAnalysisBEFORE |START
StaticAnalysis | 2026-03-23 14:42:45,291 | INFO | StaticAnalysisBEFORE | SUCCESS | time=0.14s
StaticAnalysis | 2026-03-23 14:43:30,258 | INFO | StaticAnalysisAFTER |START
StaticAnalysis | 2026-03-23 14:43:30,436 | INFO | StaticAnalysisAFTER | SUCCESS | time=0.18s
StaticAnalysis | 2026-03-23 14:43:32,055 | INFO | StaticAnalysisBEFORE |START
StaticAnalysis | 2026-03-23 14:43:32,246 | INFO | StaticAnalysisBEFORE | SUCCESS | time=0.19s
StaticAnalysis | 2026-03-23 14:50:33,600 | INFO | StaticAnalysisAFTER |START
StaticAnalysis | 2026-03-23 14:50:33,870 | INFO | StaticAnalysisAFTER | SUCCESS | time=0.27s
StaticAnalysis | 2026-03-23 14:50:35,405 | INFO | StaticAnalysisBEFORE |START
StaticAnalysis | 2026-03-23 14:50:35,763 | INFO | StaticAnalysisBEFORE | SUCCESS | time=0.36s
StaticAnalysis | 2026-03-23 14:54:25,928 | INFO | StaticAnalysisAFTER |START
StaticAnalysis | 2026-03-23 14:54:26,203 | INFO | StaticAnalysisAFTER | SUCCESS | time=0.28s
StaticAnalysis | 2026-03-23 14:54:28,604 | INFO | StaticAnalysisBEFORE |START
StaticAnalysis | 2026-03-23 14:54:29,270 | INFO | StaticAnalysisBEFORE | SUCCESS | time=0.67s
StaticAnalysis | 2026-03-23 14:55:48,200 | INFO | StaticAnalysisAFTER |START
StaticAnalysis | 2026-03-23 14:56:38,985 | INFO | StaticAnalysisAFTER | SUCCESS | time=50.79s
StaticAnalysis | 2026-03-23 14:56:40,699 | INFO | StaticAnalysisBEFORE |START
StaticAnalysis | 2026-03-23 14:56:41,112 | INFO | StaticAnalysisBEFORE | SUCCESS | time=0.41s
StaticAnalysis | 2026-03-23 14:57:56,421 | INFO | StaticAnalysisAFTER |START
StaticAnalysis | 2026-03-23 14:57:56,689 | INFO | StaticAnalysisAFTER | SUCCESS | time=0.27s
StaticAnalysis | 2026-03-23 14:57:57,852 | INFO | StaticAnalysisBEFORE |START
StaticAnalysis | 2026-03-23 14:57:58,112 | INFO | StaticAnalysisBEFORE | SUCCESS | time=0.26s
StaticAnalysis | 2026-03-23 15:02:47,522 | INFO | StaticAnalysisAFTER |START
StaticAnalysis | 2026-03-23 15:02:47,782 | INFO | StaticAnalysisAFTER | SUCCESS | time=0.26s
StaticAnalysis | 2026-03-23 15:02:48,865 | INFO | StaticAnalysisBEFORE |START
StaticAnalysis | 2026-03-23 15:02:49,114 | INFO | StaticAnalysisBEFORE | SUCCESS | time=0.25s
StaticAnalysis | 2026-03-23 15:11:47,432 | INFO | StaticAnalysisAFTER |START
StaticAnalysis | 2026-03-23 15:11:47,690 | INFO | StaticAnalysisAFTER | SUCCESS | time=0.26s
StaticAnalysis | 2026-03-23 15:11:50,807 | INFO | StaticAnalysisBEFORE |START
StaticAnalysis | 2026-03-23 15:11:55,053 | INFO | StaticAnalysisBEFORE | SUCCESS | time=4.25s
StaticAnalysis | 2026-03-23 15:13:09,749 | INFO | StaticAnalysisAFTER |START
StaticAnalysis | 2026-03-23 15:13:10,706 | INFO | StaticAnalysisAFTER | SUCCESS | time=0.96s
StaticAnalysis | 2026-03-23 15:13:12,247 | INFO | StaticAnalysisBEFORE |START
StaticAnalysis | 2026-03-23 15:13:13,958 | INFO | StaticAnalysisBEFORE | SUCCESS | time=1.71s
StaticAnalysis | 2026-03-23 15:14:29,204 | INFO | StaticAnalysisAFTER |START
StaticAnalysis | 2026-03-23 15:14:30,322 | INFO | StaticAnalysisAFTER | SUCCESS | time=1.12s
StaticAnalysis | 2026-03-23 15:14:33,053 | INFO | StaticAnalysisBEFORE |START
StaticAnalysis | 2026-03-23 15:14:33,534 | INFO | StaticAnalysisBEFORE | SUCCESS | time=0.48s
StaticAnalysis | 2026-03-23 15:15:49,740 | INFO | StaticAnalysisAFTER |START
StaticAnalysis | 2026-03-23 15:15:50,149 | INFO | StaticAnalysisAFTER | SUCCESS | time=0.41s
StaticAnalysis | 2026-03-23 15:15:51,858 | INFO | StaticAnalysisBEFORE |START
StaticAnalysis | 2026-03-23 15:15:52,555 | INFO | StaticAnalysisBEFORE | SUCCESS | time=0.7s
StaticAnalysis | 2026-03-23 15:17:52,485 | INFO | StaticAnalysisAFTER |START
StaticAnalysis | 2026-03-23 15:17:53,019 | INFO | StaticAnalysisAFTER | SUCCESS | time=0.54s
StaticAnalysis | 2026-03-23 15:17:54,265 | INFO | StaticAnalysisBEFORE |START
StaticAnalysis | 2026-03-23 15:17:54,644 | INFO | StaticAnalysisBEFORE | SUCCESS | time=0.38s
StaticAnalysis | 2026-03-23 15:18:59,785 | INFO | StaticAnalysisAFTER |START
StaticAnalysis | 2026-03-23 15:19:00,130 | INFO | StaticAnalysisAFTER | SUCCESS | time=0.34s
StaticAnalysis | 2026-03-23 15:19:04,164 | INFO | StaticAnalysisBEFORE |START
StaticAnalysis | 2026-03-23 15:19:07,382 | INFO | StaticAnalysisBEFORE | SUCCESS | time=3.22s
StaticAnalysis | 2026-03-23 15:20:02,638 | INFO | StaticAnalysisAFTER |START
StaticAnalysis | 2026-03-23 15:20:04,388 | INFO | StaticAnalysisAFTER | SUCCESS | time=1.75s
StaticAnalysis | 2026-03-23 15:20:07,183 | INFO | StaticAnalysisBEFORE |START
StaticAnalysis | 2026-03-23 15:20:25,414 | INFO | StaticAnalysisBEFORE | SUCCESS | time=18.23s
StaticAnalysis | 2026-03-23 15:21:08,237 | INFO | StaticAnalysisAFTER |START
StaticAnalysis | 2026-03-23 15:21:08,703 | INFO | StaticAnalysisAFTER | SUCCESS | time=0.47s
StaticAnalysis | 2026-03-23 15:21:11,670 | INFO | StaticAnalysisBEFORE |START
StaticAnalysis | 2026-03-23 15:21:12,635 | INFO | StaticAnalysisBEFORE | SUCCESS | time=0.97s
StaticAnalysis | 2026-03-23 15:22:11,119 | INFO | StaticAnalysisAFTER |START
StaticAnalysis | 2026-03-23 15:22:11,989 | INFO | StaticAnalysisAFTER | SUCCESS | time=0.87s
StaticAnalysis | 2026-03-23 15:22:14,476 | INFO | StaticAnalysisBEFORE |START
StaticAnalysis | 2026-03-23 15:22:16,218 | INFO | StaticAnalysisBEFORE | SUCCESS | time=1.74s
StaticAnalysis | 2026-03-23 15:23:24,568 | INFO | StaticAnalysisAFTER |START
StaticAnalysis | 2026-03-23 15:23:26,116 | INFO | StaticAnalysisAFTER | SUCCESS | time=1.55s
StaticAnalysis | 2026-03-23 15:23:27,433 | INFO | StaticAnalysisBEFORE |START
StaticAnalysis | 2026-03-23 15:23:27,815 | INFO | StaticAnalysisBEFORE | SUCCESS | time=0.38s
StaticAnalysis | 2026-03-23 15:25:23,202 | INFO | StaticAnalysisAFTER |START
StaticAnalysis | 2026-03-23 15:25:23,589 | INFO | StaticAnalysisAFTER | SUCCESS | time=0.39s
StaticAnalysis | 2026-03-23 15:25:25,536 | INFO | StaticAnalysisBEFORE |START
StaticAnalysis | 2026-03-23 15:25:28,102 | INFO | StaticAnalysisBEFORE | SUCCESS | time=2.57s
StaticAnalysis | 2026-03-23 15:26:45,364 | INFO | StaticAnalysisAFTER |START
StaticAnalysis | 2026-03-23 15:26:46,866 | INFO | StaticAnalysisAFTER | SUCCESS | time=1.5s
StaticAnalysis | 2026-03-23 15:26:48,294 | INFO | StaticAnalysisBEFORE |START
StaticAnalysis | 2026-03-23 15:26:49,001 | INFO | StaticAnalysisBEFORE | SUCCESS | time=0.71s
StaticAnalysis | 2026-03-23 15:28:54,530 | INFO | StaticAnalysisAFTER |START
StaticAnalysis | 2026-03-23 15:28:55,016 | INFO | StaticAnalysisAFTER | SUCCESS | time=0.49s
StaticAnalysis | 2026-03-23 15:28:57,174 | INFO | StaticAnalysisBEFORE |START
StaticAnalysis | 2026-03-23 15:28:57,870 | INFO | StaticAnalysisBEFORE | SUCCESS | time=0.7s
StaticAnalysis | 2026-03-23 15:40:58,301 | INFO | StaticAnalysisAFTER |START
StaticAnalysis | 2026-03-23 15:40:58,696 | INFO | StaticAnalysisAFTER | SUCCESS | time=0.4s
StaticAnalysis | 2026-03-23 15:40:59,845 | INFO | StaticAnalysisBEFORE |START
StaticAnalysis | 2026-03-23 15:41:00,164 | INFO | StaticAnalysisBEFORE | SUCCESS | time=0.32s
StaticAnalysis | 2026-03-23 15:42:06,203 | INFO | StaticAnalysisAFTER |START
StaticAnalysis | 2026-03-23 15:42:06,537 | INFO | StaticAnalysisAFTER | SUCCESS | time=0.33s
StaticAnalysis | 2026-03-23 15:42:07,615 | INFO | StaticAnalysisBEFORE |START
StaticAnalysis | 2026-03-23 15:42:07,863 | INFO | StaticAnalysisBEFORE | SUCCESS | time=0.25s
StaticAnalysis | 2026-03-23 15:43:33,585 | INFO | StaticAnalysisAFTER |START
StaticAnalysis | 2026-03-23 15:43:33,866 | INFO | StaticAnalysisAFTER | SUCCESS | time=0.28s
StaticAnalysis | 2026-03-23 15:43:34,920 | INFO | StaticAnalysisBEFORE |START
StaticAnalysis | 2026-03-23 15:43:35,152 | INFO | StaticAnalysisBEFORE | SUCCESS | time=0.23s
StaticAnalysis | 2026-03-23 15:54:33,330 | INFO | StaticAnalysisAFTER |START
StaticAnalysis | 2026-03-23 15:54:33,577 | INFO | StaticAnalysisAFTER | SUCCESS | time=0.25s
StaticAnalysis | 2026-03-23 15:54:34,946 | INFO | StaticAnalysisBEFORE |START
StaticAnalysis | 2026-03-23 15:54:35,221 | INFO | StaticAnalysisBEFORE | SUCCESS | time=0.28s
StaticAnalysis | 2026-03-23 15:59:52,737 | INFO | StaticAnalysisAFTER |START
StaticAnalysis | 2026-03-23 15:59:53,023 | INFO | StaticAnalysisAFTER | SUCCESS | time=0.29s
StaticAnalysis | 2026-03-23 15:59:56,904 | INFO | StaticAnalysisBEFORE |START
StaticAnalysis | 2026-03-23 15:59:59,855 | INFO | StaticAnalysisBEFORE | SUCCESS | time=2.95s
StaticAnalysis | 2026-03-23 16:01:27,872 | INFO | StaticAnalysisAFTER |START
StaticAnalysis | 2026-03-23 16:01:30,525 | INFO | StaticAnalysisAFTER | SUCCESS | time=2.65s
StaticAnalysis | 2026-03-23 16:01:33,896 | INFO | StaticAnalysisBEFORE |START
StaticAnalysis | 2026-03-23 16:01:34,602 | INFO | StaticAnalysisBEFORE | SUCCESS | time=0.71s
StaticAnalysis | 2026-03-23 16:07:17,382 | INFO | StaticAnalysisAFTER |START
StaticAnalysis | 2026-03-23 16:07:17,667 | INFO | StaticAnalysisAFTER | SUCCESS | time=0.28s
StaticAnalysis | 2026-03-23 16:07:19,044 | INFO | StaticAnalysisBEFORE |START
StaticAnalysis | 2026-03-23 16:07:19,270 | INFO | StaticAnalysisBEFORE | SUCCESS | time=0.23s
StaticAnalysis | 2026-03-23 16:10:37,768 | INFO | StaticAnalysisAFTER |START
StaticAnalysis | 2026-03-23 16:10:38,345 | INFO | StaticAnalysisAFTER | SUCCESS | time=0.58s
StaticAnalysis | 2026-03-23 16:10:50,514 | INFO | StaticAnalysisBEFORE |START
StaticAnalysis | 2026-03-23 16:10:50,820 | INFO | StaticAnalysisBEFORE | SUCCESS | time=0.31s
StaticAnalysis | 2026-03-23 16:18:06,009 | INFO | StaticAnalysisAFTER |START
StaticAnalysis | 2026-03-23 16:18:06,305 | INFO | StaticAnalysisAFTER | SUCCESS | time=0.3s
StaticAnalysis | 2026-03-23 16:18:08,592 | INFO | StaticAnalysisBEFORE |START
StaticAnalysis | 2026-03-23 16:18:11,130 | INFO | StaticAnalysisBEFORE | SUCCESS | time=2.54s
StaticAnalysis | 2026-03-23 16:27:08,602 | INFO | StaticAnalysisAFTER |START
StaticAnalysis | 2026-03-23 16:27:09,324 | INFO | StaticAnalysisAFTER | SUCCESS | time=0.72s
StaticAnalysis | 2026-03-23 16:27:10,898 | INFO | StaticAnalysisBEFORE |START
StaticAnalysis | 2026-03-23 16:27:12,080 | INFO | StaticAnalysisBEFORE | SUCCESS | time=1.18s
StaticAnalysis | 2026-03-23 16:29:26,860 | INFO | StaticAnalysisAFTER |START
StaticAnalysis | 2026-03-23 16:29:27,341 | INFO | StaticAnalysisAFTER | SUCCESS | time=0.48s
StaticAnalysis | 2026-03-23 16:29:28,650 | INFO | StaticAnalysisBEFORE |START
StaticAnalysis | 2026-03-23 16:29:28,986 | INFO | StaticAnalysisBEFORE | SUCCESS | time=0.34s
StaticAnalysis | 2026-03-23 16:35:38,068 | INFO | StaticAnalysisAFTER |START
StaticAnalysis | 2026-03-23 16:35:38,382 | INFO | StaticAnalysisAFTER | SUCCESS | time=0.31s
StaticAnalysis | 2026-03-23 16:35:39,493 | INFO | StaticAnalysisBEFORE |START
StaticAnalysis | 2026-03-23 16:35:39,728 | INFO | StaticAnalysisBEFORE | SUCCESS | time=0.24s
StaticAnalysis | 2026-03-23 16:37:41,256 | INFO | StaticAnalysisAFTER |START
StaticAnalysis | 2026-03-23 16:37:41,525 | INFO | StaticAnalysisAFTER | SUCCESS | time=0.27s
StaticAnalysis | 2026-03-23 16:37:43,558 | INFO | StaticAnalysisBEFORE |START
StaticAnalysis | 2026-03-23 16:37:45,156 | INFO | StaticAnalysisBEFORE | SUCCESS | time=1.6s
StaticAnalysis | 2026-03-23 16:43:13,354 | INFO | StaticAnalysisAFTER |START
StaticAnalysis | 2026-03-23 16:43:13,971 | INFO | StaticAnalysisAFTER | SUCCESS | time=0.62s
StaticAnalysis | 2026-03-23 16:43:16,099 | INFO | StaticAnalysisBEFORE |START
StaticAnalysis | 2026-03-23 16:43:16,588 | INFO | StaticAnalysisBEFORE | SUCCESS | time=0.49s
StaticAnalysis | 2026-03-23 16:49:02,965 | INFO | StaticAnalysisAFTER |START
StaticAnalysis | 2026-03-23 16:49:03,942 | INFO | StaticAnalysisAFTER | SUCCESS | time=0.98s
StaticAnalysis | 2026-03-23 16:49:05,505 | INFO | StaticAnalysisBEFORE |START
StaticAnalysis | 2026-03-23 16:49:06,186 | INFO | StaticAnalysisBEFORE | SUCCESS | time=0.68s
StaticAnalysis | 2026-03-23 16:57:35,697 | INFO | StaticAnalysisAFTER |START
StaticAnalysis | 2026-03-23 16:57:36,113 | INFO | StaticAnalysisAFTER | SUCCESS | time=0.42s
StaticAnalysis | 2026-03-23 16:57:37,252 | INFO | StaticAnalysisBEFORE |START
StaticAnalysis | 2026-03-23 16:57:37,511 | INFO | StaticAnalysisBEFORE | SUCCESS | time=0.26s
StaticAnalysis | 2026-03-23 17:09:27,831 | INFO | StaticAnalysisAFTER |START
StaticAnalysis | 2026-03-23 17:09:28,081 | INFO | StaticAnalysisAFTER | SUCCESS | time=0.25s
StaticAnalysis | 2026-03-23 17:09:30,511 | INFO | StaticAnalysisBEFORE |START
StaticAnalysis | 2026-03-23 17:09:30,801 | INFO | StaticAnalysisBEFORE | SUCCESS | time=0.29s
StaticAnalysis | 2026-03-23 17:12:24,899 | INFO | StaticAnalysisAFTER |START
StaticAnalysis | 2026-03-23 17:12:25,142 | INFO | StaticAnalysisAFTER | SUCCESS | time=0.24s
StaticAnalysis | 2026-03-23 17:12:53,887 | INFO | StaticAnalysisBEFORE |START
StaticAnalysis | 2026-03-23 17:12:58,347 | INFO | StaticAnalysisBEFORE | SUCCESS | time=4.46s
StaticAnalysis | 2026-03-23 17:17:32,565 | INFO | StaticAnalysisAFTER |START
StaticAnalysis | 2026-03-23 17:17:34,536 | INFO | StaticAnalysisAFTER | SUCCESS | time=1.97s
StaticAnalysis | 2026-03-23 17:17:36,124 | INFO | StaticAnalysisBEFORE |START
StaticAnalysis | 2026-03-23 17:17:36,470 | INFO | StaticAnalysisBEFORE | SUCCESS | time=0.35s
StaticAnalysis | 2026-03-23 17:26:27,255 | INFO | StaticAnalysisAFTER |START
StaticAnalysis | 2026-03-23 17:26:27,533 | INFO | StaticAnalysisAFTER | SUCCESS | time=0.28s
StaticAnalysis | 2026-03-23 17:26:58,284 | INFO | StaticAnalysisBEFORE |START
StaticAnalysis | 2026-03-23 17:27:08,035 | INFO | StaticAnalysisBEFORE | SUCCESS | time=9.75s
StaticAnalysis | 2026-03-23 17:28:26,392 | INFO | StaticAnalysisAFTER |START
StaticAnalysis | 2026-03-23 17:28:29,610 | INFO | StaticAnalysisAFTER | SUCCESS | time=3.22s
StaticAnalysis | 2026-03-23 17:28:31,087 | INFO | StaticAnalysisBEFORE |START
StaticAnalysis | 2026-03-23 17:28:31,425 | INFO | StaticAnalysisBEFORE | SUCCESS | time=0.34s
StaticAnalysis | 2026-03-23 17:36:09,704 | INFO | StaticAnalysisAFTER |START
StaticAnalysis | 2026-03-23 17:36:10,011 | INFO | StaticAnalysisAFTER | SUCCESS | time=0.31s
StaticAnalysis | 2026-03-23 17:36:11,744 | INFO | StaticAnalysisBEFORE |START
StaticAnalysis | 2026-03-23 17:36:12,526 | INFO | StaticAnalysisBEFORE | SUCCESS | time=0.78s
StaticAnalysis | 2026-03-23 17:46:21,224 | INFO | StaticAnalysisAFTER |START
StaticAnalysis | 2026-03-23 17:46:21,922 | INFO | StaticAnalysisAFTER | SUCCESS | time=0.7s
StaticAnalysis | 2026-03-23 17:46:23,244 | INFO | StaticAnalysisBEFORE |START
StaticAnalysis | 2026-03-23 17:46:23,683 | INFO | StaticAnalysisBEFORE | SUCCESS | time=0.44s
StaticAnalysis | 2026-03-23 17:49:16,784 | INFO | StaticAnalysisAFTER |START
StaticAnalysis | 2026-03-23 17:49:17,236 | INFO | StaticAnalysisAFTER | SUCCESS | time=0.45s
StaticAnalysis | 2026-03-23 17:49:18,363 | INFO | StaticAnalysisBEFORE |START
StaticAnalysis | 2026-03-23 17:49:18,616 | INFO | StaticAnalysisBEFORE | SUCCESS | time=0.25s
StaticAnalysis | 2026-03-23 17:49:29,239 | INFO | StaticAnalysisAFTER |START
StaticAnalysis | 2026-03-23 17:49:29,471 | INFO | StaticAnalysisAFTER | SUCCESS | time=0.23s
StaticAnalysis | 2026-03-23 17:49:30,604 | INFO | StaticAnalysisBEFORE |START
StaticAnalysis | 2026-03-23 17:49:30,842 | INFO | StaticAnalysisBEFORE | SUCCESS | time=0.24s
StaticAnalysis | 2026-03-23 17:49:41,895 | INFO | StaticAnalysisAFTER |START
StaticAnalysis | 2026-03-23 17:49:42,109 | INFO | StaticAnalysisAFTER | SUCCESS | time=0.21s
StaticAnalysis | 2026-03-23 17:49:43,286 | INFO | StaticAnalysisBEFORE |START
StaticAnalysis | 2026-03-23 17:49:43,548 | INFO | StaticAnalysisBEFORE | SUCCESS | time=0.26s
StaticAnalysis | 2026-03-23 17:49:54,259 | INFO | StaticAnalysisAFTER |START
StaticAnalysis | 2026-03-23 17:49:54,548 | INFO | StaticAnalysisAFTER | SUCCESS | time=0.29s
StaticAnalysis | 2026-03-23 17:49:55,746 | INFO | StaticAnalysisBEFORE |START
StaticAnalysis | 2026-03-23 17:49:56,050 | INFO | StaticAnalysisBEFORE | SUCCESS | time=0.3s
StaticAnalysis | 2026-03-23 17:50:06,795 | INFO | StaticAnalysisAFTER |START
StaticAnalysis | 2026-03-23 17:50:07,025 | INFO | StaticAnalysisAFTER | SUCCESS | time=0.23s
StaticAnalysis | 2026-03-23 17:50:08,327 | INFO | StaticAnalysisBEFORE |START
StaticAnalysis | 2026-03-23 17:50:08,898 | INFO | StaticAnalysisBEFORE | SUCCESS | time=0.57s
StaticAnalysis | 2026-03-23 17:50:20,100 | INFO | StaticAnalysisAFTER |START
StaticAnalysis | 2026-03-23 17:50:20,654 | INFO | StaticAnalysisAFTER | SUCCESS | time=0.55s
StaticAnalysis | 2026-03-23 17:50:21,834 | INFO | StaticAnalysisBEFORE |START
StaticAnalysis | 2026-03-23 17:50:22,105 | INFO | StaticAnalysisBEFORE | SUCCESS | time=0.27s
StaticAnalysis | 2026-03-23 17:50:32,831 | INFO | StaticAnalysisAFTER |START
StaticAnalysis | 2026-03-23 17:50:33,120 | INFO | StaticAnalysisAFTER | SUCCESS | time=0.29s
StaticAnalysis | 2026-03-23 17:50:36,838 | INFO | StaticAnalysisBEFORE |START
StaticAnalysis | 2026-03-23 17:50:38,609 | INFO | StaticAnalysisBEFORE | SUCCESS | time=1.77s
StaticAnalysis | 2026-03-23 17:50:49,594 | INFO | StaticAnalysisAFTER |START
StaticAnalysis | 2026-03-23 17:50:51,332 | INFO | StaticAnalysisAFTER | SUCCESS | time=1.74s
StaticAnalysis | 2026-03-23 17:50:52,742 | INFO | StaticAnalysisBEFORE |START
StaticAnalysis | 2026-03-23 17:50:53,291 | INFO | StaticAnalysisBEFORE | SUCCESS | time=0.55s
StaticAnalysis | 2026-03-23 17:51:04,048 | INFO | StaticAnalysisAFTER |START
StaticAnalysis | 2026-03-23 17:51:04,392 | INFO | StaticAnalysisAFTER | SUCCESS | time=0.34s
StaticAnalysis | 2026-03-23 17:51:06,437 | INFO | StaticAnalysisBEFORE |START
StaticAnalysis | 2026-03-23 17:51:07,423 | INFO | StaticAnalysisBEFORE | SUCCESS | time=0.99s
StaticAnalysis | 2026-03-23 17:51:18,217 | INFO | StaticAnalysisAFTER |START
StaticAnalysis | 2026-03-23 17:51:19,246 | INFO | StaticAnalysisAFTER | SUCCESS | time=1.03s
StaticAnalysis | 2026-03-23 17:51:21,414 | INFO | StaticAnalysisBEFORE |START
StaticAnalysis | 2026-03-23 17:51:22,261 | INFO | StaticAnalysisBEFORE | SUCCESS | time=0.85s
StaticAnalysis | 2026-03-23 17:51:33,486 | INFO | StaticAnalysisAFTER |START
StaticAnalysis | 2026-03-23 17:51:34,009 | INFO | StaticAnalysisAFTER | SUCCESS | time=0.52s
StaticAnalysis | 2026-03-23 17:51:39,641 | INFO | StaticAnalysisBEFORE |START
StaticAnalysis | 2026-03-23 17:51:40,397 | INFO | StaticAnalysisBEFORE | SUCCESS | time=0.76s
StaticAnalysis | 2026-03-23 17:51:51,251 | INFO | StaticAnalysisAFTER |START
StaticAnalysis | 2026-03-23 17:51:51,640 | INFO | StaticAnalysisAFTER | SUCCESS | time=0.39s
StaticAnalysis | 2026-03-23 17:51:52,785 | INFO | StaticAnalysisBEFORE |START
StaticAnalysis | 2026-03-23 17:51:53,003 | INFO | StaticAnalysisBEFORE | SUCCESS | time=0.22s
StaticAnalysis | 2026-03-23 17:52:03,633 | INFO | StaticAnalysisAFTER |START
StaticAnalysis | 2026-03-23 17:52:03,868 | INFO | StaticAnalysisAFTER | SUCCESS | time=0.23s
StaticAnalysis | 2026-03-23 17:52:05,066 | INFO | StaticAnalysisBEFORE |START
StaticAnalysis | 2026-03-23 17:52:05,321 | INFO | StaticAnalysisBEFORE | SUCCESS | time=0.25s
StaticAnalysis | 2026-03-23 17:52:15,991 | INFO | StaticAnalysisAFTER |START
StaticAnalysis | 2026-03-23 17:52:16,245 | INFO | StaticAnalysisAFTER | SUCCESS | time=0.25s
StaticAnalysis | 2026-03-23 17:52:18,266 | INFO | StaticAnalysisBEFORE |START
StaticAnalysis | 2026-03-23 17:52:19,128 | INFO | StaticAnalysisBEFORE | SUCCESS | time=0.86s
StaticAnalysis | 2026-03-23 17:52:30,989 | INFO | StaticAnalysisAFTER |START
StaticAnalysis | 2026-03-23 17:52:31,298 | INFO | StaticAnalysisAFTER | SUCCESS | time=0.31s
StaticAnalysis | 2026-03-23 17:52:32,513 | INFO | StaticAnalysisBEFORE |START
StaticAnalysis | 2026-03-23 17:52:32,739 | INFO | StaticAnalysisBEFORE | SUCCESS | time=0.23s
StaticAnalysis | 2026-03-23 17:52:43,331 | INFO | StaticAnalysisAFTER |START
StaticAnalysis | 2026-03-23 17:52:43,552 | INFO | StaticAnalysisAFTER | SUCCESS | time=0.22s
StaticAnalysis | 2026-03-23 17:52:44,793 | INFO | StaticAnalysisBEFORE |START
StaticAnalysis | 2026-03-23 17:52:45,047 | INFO | StaticAnalysisBEFORE | SUCCESS | time=0.25s
StaticAnalysis | 2026-03-23 17:52:55,875 | INFO | StaticAnalysisAFTER |START
StaticAnalysis | 2026-03-23 17:52:56,103 | INFO | StaticAnalysisAFTER | SUCCESS | time=0.23s
StaticAnalysis | 2026-03-23 17:52:57,820 | INFO | StaticAnalysisBEFORE |START
StaticAnalysis | 2026-03-23 17:52:58,519 | INFO | StaticAnalysisBEFORE | SUCCESS | time=0.7s
